>{
#^ source.json.textmate punctuation.definition.dictionary.begin.json.tm
>	"version": "https://github.com/RedCMD/TmLanguage-Syntax-Highlighter/blob/main/syntaxes/searchResult.tmLanguage.json",
#^ source.json.textmate
# ^ source.json.textmate punctuation.definition.string.begin.json.tm
#  ^^^^^^^ source.json.textmate keyword.property-name.string.version.json.tm
#         ^ source.json.textmate punctuation.definition.string.end.json.tm
#          ^ source.json.textmate punctuation.separator.dictionary.key-value.json.tm
#           ^ source.json.textmate
#            ^ source.json.textmate string.quoted.double.json.tm punctuation.definition.string.begin.json.tm
#             ^^^^^^^^^^^^^^^^^^^^^^^^^^^^^^^^^^^^^^^^^^^^^^^^^^^^^^^^^^^^^^^^^^^^^^^^^^^^^^^^^^^^^^^^^^^^^^^^^^^^^^^ source.json.textmate string.quoted.double.json.tm
#                                                                                                                    ^ source.json.textmate string.quoted.double.json.tm punctuation.definition.string.end.json.tm
#                                                                                                                     ^ source.json.textmate punctuation.separator.dictionary.json.tm
>	"$schema": "https://raw.githubusercontent.com/RedCMD/TmLanguage-Syntax-Highlighter/main/vscode.tmLanguage.schema.json",
#^ source.json.textmate
# ^ source.json.textmate punctuation.definition.string.begin.json.tm
#  ^^^^^^^ source.json.textmate keyword.property-name.string.schema.json.tm
#         ^ source.json.textmate punctuation.definition.string.end.json.tm
#          ^ source.json.textmate punctuation.separator.dictionary.key-value.json.tm
#           ^ source.json.textmate
#            ^ source.json.textmate string.quoted.double.json.tm punctuation.definition.string.begin.json.tm
#             ^^^^^^^^^^^^^^^^^^^^^^^^^^^^^^^^^^^^^^^^^^^^^^^^^^^^^^^^^^^^^^^^^^^^^^^^^^^^^^^^^^^^^^^^^^^^^^^^^^^^^^^^^ source.json.textmate string.quoted.double.json.tm
#                                                                                                                      ^ source.json.textmate string.quoted.double.json.tm punctuation.definition.string.end.json.tm
#                                                                                                                       ^ source.json.textmate punctuation.separator.dictionary.json.tm
>	"name": "Search Results Injection JSON TextMate",
#^ source.json.textmate
# ^ source.json.textmate punctuation.definition.string.begin.json.tm
#  ^^^^ source.json.textmate keyword.property-name.string.name.json.tm
#      ^ source.json.textmate punctuation.definition.string.end.json.tm
#       ^ source.json.textmate punctuation.separator.dictionary.key-value.json.tm
#        ^ source.json.textmate
#         ^ source.json.textmate string.quoted.double.json.tm punctuation.definition.string.begin.json.tm
#          ^^^^^^^^^^^^^^^^^^^^^^^^^^^^^^^^^^^^^^ source.json.textmate string.quoted.double.json.tm
#                                                ^ source.json.textmate string.quoted.double.json.tm punctuation.definition.string.end.json.tm
#                                                 ^ source.json.textmate punctuation.separator.dictionary.json.tm
>	"scopeName": "text.searchResult.json.textmate",
#^ source.json.textmate
# ^ source.json.textmate punctuation.definition.string.begin.json.tm
#  ^^^^^^^^^ source.json.textmate keyword.property-name.string.scopeName.json.tm
#           ^ source.json.textmate punctuation.definition.string.end.json.tm
#            ^ source.json.textmate punctuation.separator.dictionary.key-value.json.tm
#             ^ source.json.textmate
#              ^ source.json.textmate punctuation.definition.string.begin.json.tm
#               ^^^^ source.json.textmate support.function.json.tm
#                   ^ source.json.textmate support.function.json.tm
#                    ^^^^^^^^^^^^ source.json.textmate string.json.tm
#                                ^ source.json.textmate support.function.json.tm
#                                 ^^^^ source.json.textmate string.json.tm
#                                     ^ source.json.textmate support.function.json.tm
#                                      ^^^^^^^^ source.json.textmate string.json.tm
#                                              ^ source.json.textmate punctuation.definition.string.end.json.tm
#                                               ^ source.json.textmate punctuation.separator.dictionary.json.tm
>	"injectionSelector": "L:text.searchResult -meta.resultBlock.search",
#^ source.json.textmate
# ^ source.json.textmate punctuation.definition.string.begin.json.tm
#  ^^^^^^^^^^^^^^^^^ source.json.textmate keyword.property-name.string.injectionSelector.json.tm
#                   ^ source.json.textmate punctuation.definition.string.end.json.tm
#                    ^ source.json.textmate punctuation.separator.dictionary.key-value.json.tm
#                     ^ source.json.textmate
#                      ^ source.json.textmate punctuation.definition.string.begin.json.tm
#                       ^^ source.json.textmate keyword.control.priority.tm
#                         ^^^^ source.json.textmate string.tm support.function.tm
#                             ^ source.json.textmate string.tm support.function.tm
#                              ^^^^^^^^^^^^ source.json.textmate string.tm
#                                          ^ source.json.textmate comment.injection.whitespace.tm
#                                           ^ source.json.textmate support.function.tm
#                                            ^^^^^^^^^^^^^^^^^^^^^^^ source.json.textmate string.tm emphasis.tm meta.resultBlock.search
#                                                                   ^ source.json.textmate punctuation.definition.string.end.json.tm
#                                                                    ^ source.json.textmate punctuation.separator.dictionary.json.tm
>	"patterns": [
#^ source.json.textmate
# ^ source.json.textmate punctuation.definition.string.begin.json.tm
#  ^^^^^^^^ source.json.textmate keyword.property-name.string.patterns.json.tm
#          ^ source.json.textmate punctuation.definition.string.end.json.tm
#           ^ source.json.textmate punctuation.separator.dictionary.key-value.json.tm
#            ^ source.json.textmate
#             ^ source.json.textmate punctuation.definition.array.begin.json.tm
>		{ "include": "#json_textmate" }
#^^ source.json.textmate
#  ^ source.json.textmate punctuation.definition.dictionary.begin.json.tm
#   ^ source.json.textmate
#    ^ source.json.textmate punctuation.definition.string.begin.json.tm
#     ^^^^^^^ source.json.textmate keyword.property-name.string.include.json.tm
#            ^ source.json.textmate punctuation.definition.string.end.json.tm
#             ^ source.json.textmate punctuation.separator.dictionary.key-value.json.tm
#              ^ source.json.textmate
#               ^ source.json.textmate punctuation.definition.string.begin.json.tm
#                ^ source.json.textmate regex keyword.json.tm
#                 ^^^^^^^^^^^^^ source.json.textmate regex variable.json.tm
#                              ^ source.json.textmate punctuation.definition.string.end.json.tm
#                               ^ source.json.textmate
#                                ^ source.json.textmate punctuation.definition.dictionary.end.json.tm
>	],
#^ source.json.textmate
# ^ source.json.textmate punctuation.definition.array.end.json.tm
#  ^ source.json.textmate punctuation.separator.dictionary.json.tm
>	"repository": {
#^ source.json.textmate
# ^ source.json.textmate punctuation.definition.string.begin.json.tm
#  ^^^^^^^^^^ source.json.textmate keyword.property-name.string.repository.json.tm
#            ^ source.json.textmate punctuation.definition.string.end.json.tm
#             ^ source.json.textmate punctuation.separator.dictionary.key-value.json.tm
#              ^ source.json.textmate
#               ^ source.json.textmate punctuation.definition.dictionary.begin.json.tm
>		"json_textmate": {
#^^ source.json.textmate
#  ^ source.json.textmate punctuation.definition.string.begin.json.tm
#   ^^^^^^^^^^^^^ source.json.textmate variable.json.tm regex
#                ^ source.json.textmate punctuation.definition.string.end.json.tm
#                 ^ source.json.textmate punctuation.separator.dictionary.key-value.json.tm
#                  ^ source.json.textmate
#                   ^ source.json.textmate punctuation.definition.dictionary.begin.json.tm
>			"name": "meta.resultBlock.search meta.embedded.json.textmate",
#^^^ source.json.textmate
#   ^ source.json.textmate punctuation.definition.string.begin.json.tm
#    ^^^^ source.json.textmate keyword.property-name.string.name.json.tm
#        ^ source.json.textmate punctuation.definition.string.end.json.tm
#         ^ source.json.textmate punctuation.separator.dictionary.key-value.json.tm
#          ^ source.json.textmate
#           ^ source.json.textmate meta.resultBlock.search meta.embedded.json.textmate punctuation.definition.string.begin.json.tm
#            ^^^^^^^^^^^^^^^^ source.json.textmate meta.resultBlock.search meta.embedded.json.textmate meta.resultBlock
#                            ^^^^^^^^ source.json.textmate meta.resultBlock.search meta.embedded.json.textmate
#                                    ^^^^^^^^^^^^^ source.json.textmate meta.resultBlock.search meta.embedded.json.textmate markup.italic
#                                                 ^^^^^^^^^^^^^^ source.json.textmate meta.resultBlock.search meta.embedded.json.textmate
#                                                               ^ source.json.textmate meta.resultBlock.search meta.embedded.json.textmate punctuation.definition.string.end.json.tm
#                                                                ^ source.json.textmate punctuation.separator.dictionary.json.tm
>			"begin": "^(?!\\s)(.*?)([^\\\\\\/\\n]*\\.tmLanguage\\.json)(:)$",
#^^^ source.json.textmate
#   ^ source.json.textmate meta.begin.regexp punctuation.definition.string.begin.json.tm
#    ^^^^^ source.json.textmate meta.begin.regexp keyword.property-name.string.begin.json.tm
#         ^ source.json.textmate meta.begin.regexp punctuation.definition.string.end.json.tm
#          ^ source.json.textmate meta.begin.regexp punctuation.separator.dictionary.key-value.json.tm
#           ^ source.json.textmate meta.begin.regexp
#            ^ source.json.textmate meta.begin.regexp punctuation.definition.string.begin.json.tm
#             ^ source.json.textmate meta.begin.regexp meta.embedded.json.textmate.regexp variable.tm
#              ^ source.json.textmate meta.begin.regexp meta.embedded.json.textmate.regexp constant.character.set.regexp.tm markup.italic
#               ^^ source.json.textmate meta.begin.regexp meta.embedded.json.textmate.regexp support.function.tm
#                 ^^^ source.json.textmate meta.begin.regexp meta.embedded.json.textmate.regexp variable.other.enummember.tm
#                    ^ source.json.textmate meta.begin.regexp meta.embedded.json.textmate.regexp constant.character.set.regexp.tm markup.italic
#                     ^ source.json.textmate meta.begin.regexp meta.embedded.json.textmate.regexp constant.character.set.regexp.tm strong
#                      ^ source.json.textmate meta.begin.regexp meta.embedded.json.textmate.regexp variable.other.enummember.tm
#                       ^ source.json.textmate meta.begin.regexp meta.embedded.json.textmate.regexp keyword.tm
#                        ^ source.json.textmate meta.begin.regexp meta.embedded.json.textmate.regexp keyword.tm strong
#                         ^ source.json.textmate meta.begin.regexp meta.embedded.json.textmate.regexp constant.character.set.regexp.tm strong
#                          ^ source.json.textmate meta.begin.regexp meta.embedded.json.textmate.regexp constant.character.set.regexp.tm strong
#                           ^ source.json.textmate meta.begin.regexp meta.embedded.json.textmate.regexp support.class.tm
#                            ^ source.json.textmate meta.begin.regexp meta.embedded.json.textmate.regexp support.function.tm strong
#                             ^^^ source.json.textmate meta.begin.regexp meta.embedded.json.textmate.regexp character-class constant.character.escape.tm
#                                ^ source.json.textmate meta.begin.regexp meta.embedded.json.textmate.regexp character-class literal.tm
#                                 ^^ source.json.textmate meta.begin.regexp meta.embedded.json.textmate.regexp character-class punctuation.definition.tag.tm
#                                   ^ source.json.textmate meta.begin.regexp meta.embedded.json.textmate.regexp character-class literal.tm regex
#                                    ^^^ source.json.textmate meta.begin.regexp meta.embedded.json.textmate.regexp character-class punctuation.definition.list.begin.markdown
#                                       ^ source.json.textmate meta.begin.regexp meta.embedded.json.textmate.regexp support.class.tm
#                                        ^ source.json.textmate meta.begin.regexp meta.embedded.json.textmate.regexp keyword.tm
#                                         ^^ source.json.textmate meta.begin.regexp meta.embedded.json.textmate.regexp constant.character.escape.tm
#                                           ^ source.json.textmate meta.begin.regexp meta.embedded.json.textmate.regexp entity.name.label.tm strong regex
#                                            ^^^^^^^^^^ source.json.textmate meta.begin.regexp meta.embedded.json.textmate.regexp entity.name.label.tm strong regex
#                                                      ^^ source.json.textmate meta.begin.regexp meta.embedded.json.textmate.regexp constant.character.escape.tm
#                                                        ^ source.json.textmate meta.begin.regexp meta.embedded.json.textmate.regexp entity.name.label.tm strong regex
#                                                         ^^^^ source.json.textmate meta.begin.regexp meta.embedded.json.textmate.regexp entity.name.label.tm strong regex
#                                                             ^ source.json.textmate meta.begin.regexp meta.embedded.json.textmate.regexp constant.character.set.regexp.tm strong
#                                                              ^ source.json.textmate meta.begin.regexp meta.embedded.json.textmate.regexp constant.character.set.regexp.tm strong
#                                                               ^ source.json.textmate meta.begin.regexp meta.embedded.json.textmate.regexp entity.name.label.tm strong regex
#                                                                ^ source.json.textmate meta.begin.regexp meta.embedded.json.textmate.regexp constant.character.set.regexp.tm strong
#                                                                 ^ source.json.textmate meta.begin.regexp meta.embedded.json.textmate.regexp variable.tm
#                                                                  ^ source.json.textmate meta.begin.regexp punctuation.definition.string.end.json.tm
#                                                                   ^ source.json.textmate punctuation.separator.dictionary.json.tm
>			"end": "^(?!\\s)",
#^^^ source.json.textmate
#   ^ source.json.textmate meta.end.regexp punctuation.definition.string.begin.json.tm
#    ^^^ source.json.textmate meta.end.regexp keyword.property-name.string.end.json.tm
#       ^ source.json.textmate meta.end.regexp punctuation.definition.string.end.json.tm
#        ^ source.json.textmate meta.end.regexp punctuation.separator.dictionary.key-value.json.tm
#         ^ source.json.textmate meta.end.regexp
#          ^ source.json.textmate meta.end.regexp punctuation.definition.string.begin.json.tm
#           ^ source.json.textmate meta.end.regexp meta.embedded.json.textmate.regexp variable.tm
#            ^ source.json.textmate meta.end.regexp meta.embedded.json.textmate.regexp constant.character.set.regexp.tm markup.italic
#             ^^ source.json.textmate meta.end.regexp meta.embedded.json.textmate.regexp support.function.tm
#               ^^^ source.json.textmate meta.end.regexp meta.embedded.json.textmate.regexp variable.other.enummember.tm
#                  ^ source.json.textmate meta.end.regexp meta.embedded.json.textmate.regexp constant.character.set.regexp.tm markup.italic
#                   ^ source.json.textmate meta.end.regexp punctuation.definition.string.end.json.tm
#                    ^ source.json.textmate punctuation.separator.dictionary.json.tm
>			"beginCaptures": {
#^^^ source.json.textmate
#   ^ source.json.textmate punctuation.definition.string.begin.json.tm
#    ^^^^^^^^^^^^^ source.json.textmate keyword.property-name.string.beginCaptures.json.tm
#                 ^ source.json.textmate punctuation.definition.string.end.json.tm
#                  ^ source.json.textmate punctuation.separator.dictionary.key-value.json.tm
#                   ^ source.json.textmate
#                    ^ source.json.textmate punctuation.definition.dictionary.begin.json.tm
>				"0": { "name": "string meta.path.search" },
#^^^^ source.json.textmate
#    ^ source.json.textmate
#     ^ source.json.textmate constant.numeric.json.tm
#      ^ source.json.textmate
#       ^ source.json.textmate punctuation.separator.dictionary.key-value.json.tm
#        ^ source.json.textmate
#         ^ source.json.textmate punctuation.definition.dictionary.begin.json.tm
#          ^ source.json.textmate
#           ^ source.json.textmate punctuation.definition.string.begin.json.tm
#            ^^^^ source.json.textmate keyword.property-name.string.name.json.tm
#                ^ source.json.textmate punctuation.definition.string.end.json.tm
#                 ^ source.json.textmate punctuation.separator.dictionary.key-value.json.tm
#                  ^ source.json.textmate
#                   ^ source.json.textmate string meta.path.search punctuation.definition.string.begin.json.tm
#                    ^^^^^^ source.json.textmate string meta.path.search markup.italic
#                          ^^^^^^^^^^^^^^^^^ source.json.textmate string meta.path.search
#                                           ^ source.json.textmate string meta.path.search punctuation.definition.string.end.json.tm
#                                            ^ source.json.textmate
#                                             ^ source.json.textmate punctuation.definition.dictionary.end.json.tm
#                                              ^ source.json.textmate punctuation.separator.dictionary.json.tm
>				"1": { "name": "meta.path.dirname.search" },
#^^^^ source.json.textmate
#    ^ source.json.textmate
#     ^ source.json.textmate constant.numeric.json.tm
#      ^ source.json.textmate
#       ^ source.json.textmate punctuation.separator.dictionary.key-value.json.tm
#        ^ source.json.textmate
#         ^ source.json.textmate punctuation.definition.dictionary.begin.json.tm
#          ^ source.json.textmate
#           ^ source.json.textmate punctuation.definition.string.begin.json.tm
#            ^^^^ source.json.textmate keyword.property-name.string.name.json.tm
#                ^ source.json.textmate punctuation.definition.string.end.json.tm
#                 ^ source.json.textmate punctuation.separator.dictionary.key-value.json.tm
#                  ^ source.json.textmate
#                   ^ source.json.textmate meta.path.dirname.search punctuation.definition.string.begin.json.tm
#                    ^^^^^^^^^^^^^^^^^^^^^^^^ source.json.textmate meta.path.dirname.search
#                                            ^ source.json.textmate meta.path.dirname.search punctuation.definition.string.end.json.tm
#                                             ^ source.json.textmate
#                                              ^ source.json.textmate punctuation.definition.dictionary.end.json.tm
#                                               ^ source.json.textmate punctuation.separator.dictionary.json.tm
>				"2": { "name": "meta.path.basename.search" },
#^^^^ source.json.textmate
#    ^ source.json.textmate
#     ^ source.json.textmate constant.numeric.json.tm
#      ^ source.json.textmate
#       ^ source.json.textmate punctuation.separator.dictionary.key-value.json.tm
#        ^ source.json.textmate
#         ^ source.json.textmate punctuation.definition.dictionary.begin.json.tm
#          ^ source.json.textmate
#           ^ source.json.textmate punctuation.definition.string.begin.json.tm
#            ^^^^ source.json.textmate keyword.property-name.string.name.json.tm
#                ^ source.json.textmate punctuation.definition.string.end.json.tm
#                 ^ source.json.textmate punctuation.separator.dictionary.key-value.json.tm
#                  ^ source.json.textmate
#                   ^ source.json.textmate meta.path.basename.search punctuation.definition.string.begin.json.tm
#                    ^^^^^^^^^^^^^^^^^^^^^^^^^ source.json.textmate meta.path.basename.search
#                                             ^ source.json.textmate meta.path.basename.search punctuation.definition.string.end.json.tm
#                                              ^ source.json.textmate
#                                               ^ source.json.textmate punctuation.definition.dictionary.end.json.tm
#                                                ^ source.json.textmate punctuation.separator.dictionary.json.tm
>				"3": { "name": "punctuation.separator" }
#^^^^ source.json.textmate
#    ^ source.json.textmate
#     ^ source.json.textmate constant.numeric.json.tm
#      ^ source.json.textmate
#       ^ source.json.textmate punctuation.separator.dictionary.key-value.json.tm
#        ^ source.json.textmate
#         ^ source.json.textmate punctuation.definition.dictionary.begin.json.tm
#          ^ source.json.textmate
#           ^ source.json.textmate punctuation.definition.string.begin.json.tm
#            ^^^^ source.json.textmate keyword.property-name.string.name.json.tm
#                ^ source.json.textmate punctuation.definition.string.end.json.tm
#                 ^ source.json.textmate punctuation.separator.dictionary.key-value.json.tm
#                  ^ source.json.textmate
#                   ^ source.json.textmate punctuation.separator punctuation.definition.string.begin.json.tm
#                    ^^^^^^^^^^^^^^^^^^^^^ source.json.textmate punctuation.separator
#                                         ^ source.json.textmate punctuation.separator punctuation.definition.string.end.json.tm
#                                          ^ source.json.textmate
#                                           ^ source.json.textmate punctuation.definition.dictionary.end.json.tm
>			},
#^^^ source.json.textmate
#   ^ source.json.textmate punctuation.definition.dictionary.end.json.tm
#    ^ source.json.textmate punctuation.separator.dictionary.json.tm
>			"patterns": [
#^^^ source.json.textmate
#   ^ source.json.textmate punctuation.definition.string.begin.json.tm
#    ^^^^^^^^ source.json.textmate keyword.property-name.string.patterns.json.tm
#            ^ source.json.textmate punctuation.definition.string.end.json.tm
#             ^ source.json.textmate punctuation.separator.dictionary.key-value.json.tm
#              ^ source.json.textmate
#               ^ source.json.textmate punctuation.definition.array.begin.json.tm
>				{
#^^^^ source.json.textmate
#    ^ source.json.textmate punctuation.definition.dictionary.begin.json.tm
>					"name": "meta.resultLine.search meta.resultLine.multiLine.search",
#^^^^^ source.json.textmate
#     ^ source.json.textmate punctuation.definition.string.begin.json.tm
#      ^^^^ source.json.textmate keyword.property-name.string.name.json.tm
#          ^ source.json.textmate punctuation.definition.string.end.json.tm
#           ^ source.json.textmate punctuation.separator.dictionary.key-value.json.tm
#            ^ source.json.textmate
#             ^ source.json.textmate meta.resultLine.search meta.resultLine.multiLine.search punctuation.definition.string.begin.json.tm
#              ^^^^^^^^^^^^^^^ source.json.textmate meta.resultLine.search meta.resultLine.multiLine.search meta.resultLine
#                             ^^^^^^^^^^^^^^^^^^^^^^^^^^^^^^^^^^^^^^^^ source.json.textmate meta.resultLine.search meta.resultLine.multiLine.search
#                                                                     ^ source.json.textmate meta.resultLine.search meta.resultLine.multiLine.search punctuation.definition.string.end.json.tm
#                                                                      ^ source.json.textmate punctuation.separator.dictionary.json.tm
>					"begin": "^  (?:\\s*)((\\d+) )",
#^^^^^ source.json.textmate
#     ^ source.json.textmate meta.begin.regexp punctuation.definition.string.begin.json.tm
#      ^^^^^ source.json.textmate meta.begin.regexp keyword.property-name.string.begin.json.tm
#           ^ source.json.textmate meta.begin.regexp punctuation.definition.string.end.json.tm
#            ^ source.json.textmate meta.begin.regexp punctuation.separator.dictionary.key-value.json.tm
#             ^ source.json.textmate meta.begin.regexp
#              ^ source.json.textmate meta.begin.regexp punctuation.definition.string.begin.json.tm
#               ^ source.json.textmate meta.begin.regexp meta.embedded.json.textmate.regexp variable.tm
#                ^ source.json.textmate meta.begin.regexp meta.embedded.json.textmate.regexp entity.name.label.tm strong regex
#                 ^ source.json.textmate meta.begin.regexp meta.embedded.json.textmate.regexp entity.name.label.tm strong regex
#                  ^ source.json.textmate meta.begin.regexp meta.embedded.json.textmate.regexp constant.character.set.regexp.tm
#                   ^^ source.json.textmate meta.begin.regexp meta.embedded.json.textmate.regexp support.function.tm regex
#                     ^^^ source.json.textmate meta.begin.regexp meta.embedded.json.textmate.regexp variable.other.enummember.tm
#                        ^ source.json.textmate meta.begin.regexp meta.embedded.json.textmate.regexp keyword.tm
#                         ^ source.json.textmate meta.begin.regexp meta.embedded.json.textmate.regexp constant.character.set.regexp.tm
#                          ^ source.json.textmate meta.begin.regexp meta.embedded.json.textmate.regexp constant.character.set.regexp.tm strong
#                           ^ source.json.textmate meta.begin.regexp meta.embedded.json.textmate.regexp constant.character.set.regexp.tm strong
#                            ^^^ source.json.textmate meta.begin.regexp meta.embedded.json.textmate.regexp variable.other.enummember.tm
#                               ^ source.json.textmate meta.begin.regexp meta.embedded.json.textmate.regexp keyword.tm
#                                ^ source.json.textmate meta.begin.regexp meta.embedded.json.textmate.regexp constant.character.set.regexp.tm strong
#                                 ^ source.json.textmate meta.begin.regexp meta.embedded.json.textmate.regexp entity.name.label.tm strong regex
#                                  ^ source.json.textmate meta.begin.regexp meta.embedded.json.textmate.regexp constant.character.set.regexp.tm strong
#                                   ^ source.json.textmate meta.begin.regexp punctuation.definition.string.end.json.tm
#                                    ^ source.json.textmate punctuation.separator.dictionary.json.tm
>					"while": "^  (?:\\s*)(?:((\\d+)(:))|((\\d+) ))",
#^^^^^ source.json.textmate
#     ^ source.json.textmate meta.while.regexp punctuation.definition.string.begin.json.tm
#      ^^^^^ source.json.textmate meta.while.regexp keyword.property-name.string.while.json.tm
#           ^ source.json.textmate meta.while.regexp punctuation.definition.string.end.json.tm
#            ^ source.json.textmate meta.while.regexp punctuation.separator.dictionary.key-value.json.tm
#             ^ source.json.textmate meta.while.regexp
#              ^ source.json.textmate meta.while.regexp punctuation.definition.string.begin.json.tm
#               ^ source.json.textmate meta.while.regexp meta.embedded.json.textmate.regexp variable.tm
#                ^ source.json.textmate meta.while.regexp meta.embedded.json.textmate.regexp entity.name.label.tm strong regex
#                 ^ source.json.textmate meta.while.regexp meta.embedded.json.textmate.regexp entity.name.label.tm strong regex
#                  ^ source.json.textmate meta.while.regexp meta.embedded.json.textmate.regexp constant.character.set.regexp.tm
#                   ^^ source.json.textmate meta.while.regexp meta.embedded.json.textmate.regexp support.function.tm regex
#                     ^^^ source.json.textmate meta.while.regexp meta.embedded.json.textmate.regexp variable.other.enummember.tm
#                        ^ source.json.textmate meta.while.regexp meta.embedded.json.textmate.regexp keyword.tm
#                         ^ source.json.textmate meta.while.regexp meta.embedded.json.textmate.regexp constant.character.set.regexp.tm
#                          ^ source.json.textmate meta.while.regexp meta.embedded.json.textmate.regexp constant.character.set.regexp.tm
#                           ^^ source.json.textmate meta.while.regexp meta.embedded.json.textmate.regexp support.function.tm regex
#                             ^ source.json.textmate meta.while.regexp meta.embedded.json.textmate.regexp constant.character.set.regexp.tm strong
#                              ^ source.json.textmate meta.while.regexp meta.embedded.json.textmate.regexp constant.character.set.regexp.tm strong
#                               ^^^ source.json.textmate meta.while.regexp meta.embedded.json.textmate.regexp variable.other.enummember.tm
#                                  ^ source.json.textmate meta.while.regexp meta.embedded.json.textmate.regexp keyword.tm
#                                   ^ source.json.textmate meta.while.regexp meta.embedded.json.textmate.regexp constant.character.set.regexp.tm strong
#                                    ^ source.json.textmate meta.while.regexp meta.embedded.json.textmate.regexp constant.character.set.regexp.tm strong
#                                     ^ source.json.textmate meta.while.regexp meta.embedded.json.textmate.regexp entity.name.label.tm strong regex
#                                      ^ source.json.textmate meta.while.regexp meta.embedded.json.textmate.regexp constant.character.set.regexp.tm strong
#                                       ^ source.json.textmate meta.while.regexp meta.embedded.json.textmate.regexp constant.character.set.regexp.tm strong
#                                        ^ source.json.textmate meta.while.regexp meta.embedded.json.textmate.regexp keyword.control.tm
#                                         ^ source.json.textmate meta.while.regexp meta.embedded.json.textmate.regexp constant.character.set.regexp.tm strong
#                                          ^ source.json.textmate meta.while.regexp meta.embedded.json.textmate.regexp constant.character.set.regexp.tm strong
#                                           ^^^ source.json.textmate meta.while.regexp meta.embedded.json.textmate.regexp variable.other.enummember.tm
#                                              ^ source.json.textmate meta.while.regexp meta.embedded.json.textmate.regexp keyword.tm
#                                               ^ source.json.textmate meta.while.regexp meta.embedded.json.textmate.regexp constant.character.set.regexp.tm strong
#                                                ^ source.json.textmate meta.while.regexp meta.embedded.json.textmate.regexp entity.name.label.tm strong regex
#                                                 ^ source.json.textmate meta.while.regexp meta.embedded.json.textmate.regexp constant.character.set.regexp.tm strong
#                                                  ^ source.json.textmate meta.while.regexp meta.embedded.json.textmate.regexp constant.character.set.regexp.tm
#                                                   ^ source.json.textmate meta.while.regexp punctuation.definition.string.end.json.tm
#                                                    ^ source.json.textmate punctuation.separator.dictionary.json.tm
>					"beginCaptures": {
#^^^^^ source.json.textmate
#     ^ source.json.textmate punctuation.definition.string.begin.json.tm
#      ^^^^^^^^^^^^^ source.json.textmate keyword.property-name.string.beginCaptures.json.tm
#                   ^ source.json.textmate punctuation.definition.string.end.json.tm
#                    ^ source.json.textmate punctuation.separator.dictionary.key-value.json.tm
#                     ^ source.json.textmate
#                      ^ source.json.textmate punctuation.definition.dictionary.begin.json.tm
>						"0": { "name": "constant.numeric.integer meta.resultLinePrefix.search" },
#^^^^^^ source.json.textmate
#      ^ source.json.textmate
#       ^ source.json.textmate constant.numeric.json.tm
#        ^ source.json.textmate
#         ^ source.json.textmate punctuation.separator.dictionary.key-value.json.tm
#          ^ source.json.textmate
#           ^ source.json.textmate punctuation.definition.dictionary.begin.json.tm
#            ^ source.json.textmate
#             ^ source.json.textmate punctuation.definition.string.begin.json.tm
#              ^^^^ source.json.textmate keyword.property-name.string.name.json.tm
#                  ^ source.json.textmate punctuation.definition.string.end.json.tm
#                   ^ source.json.textmate punctuation.separator.dictionary.key-value.json.tm
#                    ^ source.json.textmate
#                     ^ source.json.textmate constant.numeric.integer meta.resultLinePrefix.search punctuation.definition.string.begin.json.tm
#                      ^^^^^^^^^^^^^^^^ source.json.textmate constant.numeric.integer meta.resultLinePrefix.search constant.numeric
#                                      ^^^^^^^^^^^^^^^^^^^^^^^^^^^^^^^^^^^^^ source.json.textmate constant.numeric.integer meta.resultLinePrefix.search
#                                                                           ^ source.json.textmate constant.numeric.integer meta.resultLinePrefix.search punctuation.definition.string.end.json.tm
#                                                                            ^ source.json.textmate
#                                                                             ^ source.json.textmate punctuation.definition.dictionary.end.json.tm
#                                                                              ^ source.json.textmate punctuation.separator.dictionary.json.tm
>						"1": { "name": "meta.resultLinePrefix.contextLinePrefix.search" },
#^^^^^^ source.json.textmate
#      ^ source.json.textmate
#       ^ source.json.textmate constant.numeric.json.tm
#        ^ source.json.textmate
#         ^ source.json.textmate punctuation.separator.dictionary.key-value.json.tm
#          ^ source.json.textmate
#           ^ source.json.textmate punctuation.definition.dictionary.begin.json.tm
#            ^ source.json.textmate
#             ^ source.json.textmate punctuation.definition.string.begin.json.tm
#              ^^^^ source.json.textmate keyword.property-name.string.name.json.tm
#                  ^ source.json.textmate punctuation.definition.string.end.json.tm
#                   ^ source.json.textmate punctuation.separator.dictionary.key-value.json.tm
#                    ^ source.json.textmate
#                     ^ source.json.textmate meta.resultLinePrefix.contextLinePrefix.search punctuation.definition.string.begin.json.tm
#                      ^^^^^^^^^^^^^^^^^^^^^^^^^^^^^^^^^^^^^^^^^^^^^^ source.json.textmate meta.resultLinePrefix.contextLinePrefix.search
#                                                                    ^ source.json.textmate meta.resultLinePrefix.contextLinePrefix.search punctuation.definition.string.end.json.tm
#                                                                     ^ source.json.textmate
#                                                                      ^ source.json.textmate punctuation.definition.dictionary.end.json.tm
#                                                                       ^ source.json.textmate punctuation.separator.dictionary.json.tm
>						"2": { "name": "meta.resultLinePrefix.lineNumber.search" }
#^^^^^^ source.json.textmate
#      ^ source.json.textmate
#       ^ source.json.textmate constant.numeric.json.tm
#        ^ source.json.textmate
#         ^ source.json.textmate punctuation.separator.dictionary.key-value.json.tm
#          ^ source.json.textmate
#           ^ source.json.textmate punctuation.definition.dictionary.begin.json.tm
#            ^ source.json.textmate
#             ^ source.json.textmate punctuation.definition.string.begin.json.tm
#              ^^^^ source.json.textmate keyword.property-name.string.name.json.tm
#                  ^ source.json.textmate punctuation.definition.string.end.json.tm
#                   ^ source.json.textmate punctuation.separator.dictionary.key-value.json.tm
#                    ^ source.json.textmate
#                     ^ source.json.textmate meta.resultLinePrefix.lineNumber.search punctuation.definition.string.begin.json.tm
#                      ^^^^^^^^^^^^^^^^^^^^^^^^^^^^^^^^^^^^^^^ source.json.textmate meta.resultLinePrefix.lineNumber.search
#                                                             ^ source.json.textmate meta.resultLinePrefix.lineNumber.search punctuation.definition.string.end.json.tm
#                                                              ^ source.json.textmate
#                                                               ^ source.json.textmate punctuation.definition.dictionary.end.json.tm
>					},
#^^^^^ source.json.textmate
#     ^ source.json.textmate punctuation.definition.dictionary.end.json.tm
#      ^ source.json.textmate punctuation.separator.dictionary.json.tm
>					"whileCaptures": {
#^^^^^ source.json.textmate
#     ^ source.json.textmate punctuation.definition.string.begin.json.tm
#      ^^^^^^^^^^^^^ source.json.textmate keyword.property-name.string.whileCaptures.json.tm
#                   ^ source.json.textmate punctuation.definition.string.end.json.tm
#                    ^ source.json.textmate punctuation.separator.dictionary.key-value.json.tm
#                     ^ source.json.textmate
#                      ^ source.json.textmate punctuation.definition.dictionary.begin.json.tm
>						"0": { "name": "constant.numeric.integer meta.resultLinePrefix.search" },
#^^^^^^ source.json.textmate
#      ^ source.json.textmate
#       ^ source.json.textmate constant.numeric.json.tm
#        ^ source.json.textmate
#         ^ source.json.textmate punctuation.separator.dictionary.key-value.json.tm
#          ^ source.json.textmate
#           ^ source.json.textmate punctuation.definition.dictionary.begin.json.tm
#            ^ source.json.textmate
#             ^ source.json.textmate punctuation.definition.string.begin.json.tm
#              ^^^^ source.json.textmate keyword.property-name.string.name.json.tm
#                  ^ source.json.textmate punctuation.definition.string.end.json.tm
#                   ^ source.json.textmate punctuation.separator.dictionary.key-value.json.tm
#                    ^ source.json.textmate
#                     ^ source.json.textmate constant.numeric.integer meta.resultLinePrefix.search punctuation.definition.string.begin.json.tm
#                      ^^^^^^^^^^^^^^^^ source.json.textmate constant.numeric.integer meta.resultLinePrefix.search constant.numeric
#                                      ^^^^^^^^^^^^^^^^^^^^^^^^^^^^^^^^^^^^^ source.json.textmate constant.numeric.integer meta.resultLinePrefix.search
#                                                                           ^ source.json.textmate constant.numeric.integer meta.resultLinePrefix.search punctuation.definition.string.end.json.tm
#                                                                            ^ source.json.textmate
#                                                                             ^ source.json.textmate punctuation.definition.dictionary.end.json.tm
#                                                                              ^ source.json.textmate punctuation.separator.dictionary.json.tm
>						"1": { "name": "meta.resultLinePrefix.matchLinePrefix.search" },
#^^^^^^ source.json.textmate
#      ^ source.json.textmate
#       ^ source.json.textmate constant.numeric.json.tm
#        ^ source.json.textmate
#         ^ source.json.textmate punctuation.separator.dictionary.key-value.json.tm
#          ^ source.json.textmate
#           ^ source.json.textmate punctuation.definition.dictionary.begin.json.tm
#            ^ source.json.textmate
#             ^ source.json.textmate punctuation.definition.string.begin.json.tm
#              ^^^^ source.json.textmate keyword.property-name.string.name.json.tm
#                  ^ source.json.textmate punctuation.definition.string.end.json.tm
#                   ^ source.json.textmate punctuation.separator.dictionary.key-value.json.tm
#                    ^ source.json.textmate
#                     ^ source.json.textmate meta.resultLinePrefix.matchLinePrefix.search punctuation.definition.string.begin.json.tm
#                      ^^^^^^^^^^^^^^^^^^^^^^^^^^^^^^^^^^^^^^^^^^^^ source.json.textmate meta.resultLinePrefix.matchLinePrefix.search
#                                                                  ^ source.json.textmate meta.resultLinePrefix.matchLinePrefix.search punctuation.definition.string.end.json.tm
#                                                                   ^ source.json.textmate
#                                                                    ^ source.json.textmate punctuation.definition.dictionary.end.json.tm
#                                                                     ^ source.json.textmate punctuation.separator.dictionary.json.tm
>						"2": { "name": "meta.resultLinePrefix.lineNumber.search" },
#^^^^^^ source.json.textmate
#      ^ source.json.textmate
#       ^ source.json.textmate constant.numeric.json.tm
#        ^ source.json.textmate
#         ^ source.json.textmate punctuation.separator.dictionary.key-value.json.tm
#          ^ source.json.textmate
#           ^ source.json.textmate punctuation.definition.dictionary.begin.json.tm
#            ^ source.json.textmate
#             ^ source.json.textmate punctuation.definition.string.begin.json.tm
#              ^^^^ source.json.textmate keyword.property-name.string.name.json.tm
#                  ^ source.json.textmate punctuation.definition.string.end.json.tm
#                   ^ source.json.textmate punctuation.separator.dictionary.key-value.json.tm
#                    ^ source.json.textmate
#                     ^ source.json.textmate meta.resultLinePrefix.lineNumber.search punctuation.definition.string.begin.json.tm
#                      ^^^^^^^^^^^^^^^^^^^^^^^^^^^^^^^^^^^^^^^ source.json.textmate meta.resultLinePrefix.lineNumber.search
#                                                             ^ source.json.textmate meta.resultLinePrefix.lineNumber.search punctuation.definition.string.end.json.tm
#                                                              ^ source.json.textmate
#                                                               ^ source.json.textmate punctuation.definition.dictionary.end.json.tm
#                                                                ^ source.json.textmate punctuation.separator.dictionary.json.tm
>						"3": { "name": "punctuation.separator" },
#^^^^^^ source.json.textmate
#      ^ source.json.textmate
#       ^ source.json.textmate constant.numeric.json.tm
#        ^ source.json.textmate
#         ^ source.json.textmate punctuation.separator.dictionary.key-value.json.tm
#          ^ source.json.textmate
#           ^ source.json.textmate punctuation.definition.dictionary.begin.json.tm
#            ^ source.json.textmate
#             ^ source.json.textmate punctuation.definition.string.begin.json.tm
#              ^^^^ source.json.textmate keyword.property-name.string.name.json.tm
#                  ^ source.json.textmate punctuation.definition.string.end.json.tm
#                   ^ source.json.textmate punctuation.separator.dictionary.key-value.json.tm
#                    ^ source.json.textmate
#                     ^ source.json.textmate punctuation.separator punctuation.definition.string.begin.json.tm
#                      ^^^^^^^^^^^^^^^^^^^^^ source.json.textmate punctuation.separator
#                                           ^ source.json.textmate punctuation.separator punctuation.definition.string.end.json.tm
#                                            ^ source.json.textmate
#                                             ^ source.json.textmate punctuation.definition.dictionary.end.json.tm
#                                              ^ source.json.textmate punctuation.separator.dictionary.json.tm
>						"4": { "name": "meta.resultLinePrefix.contextLinePrefix.search" },
#^^^^^^ source.json.textmate
#      ^ source.json.textmate
#       ^ source.json.textmate constant.numeric.json.tm
#        ^ source.json.textmate
#         ^ source.json.textmate punctuation.separator.dictionary.key-value.json.tm
#          ^ source.json.textmate
#           ^ source.json.textmate punctuation.definition.dictionary.begin.json.tm
#            ^ source.json.textmate
#             ^ source.json.textmate punctuation.definition.string.begin.json.tm
#              ^^^^ source.json.textmate keyword.property-name.string.name.json.tm
#                  ^ source.json.textmate punctuation.definition.string.end.json.tm
#                   ^ source.json.textmate punctuation.separator.dictionary.key-value.json.tm
#                    ^ source.json.textmate
#                     ^ source.json.textmate meta.resultLinePrefix.contextLinePrefix.search punctuation.definition.string.begin.json.tm
#                      ^^^^^^^^^^^^^^^^^^^^^^^^^^^^^^^^^^^^^^^^^^^^^^ source.json.textmate meta.resultLinePrefix.contextLinePrefix.search
#                                                                    ^ source.json.textmate meta.resultLinePrefix.contextLinePrefix.search punctuation.definition.string.end.json.tm
#                                                                     ^ source.json.textmate
#                                                                      ^ source.json.textmate punctuation.definition.dictionary.end.json.tm
#                                                                       ^ source.json.textmate punctuation.separator.dictionary.json.tm
>						"5": { "name": "meta.resultLinePrefix.lineNumber.search" }
#^^^^^^ source.json.textmate
#      ^ source.json.textmate
#       ^ source.json.textmate constant.numeric.json.tm
#        ^ source.json.textmate
#         ^ source.json.textmate punctuation.separator.dictionary.key-value.json.tm
#          ^ source.json.textmate
#           ^ source.json.textmate punctuation.definition.dictionary.begin.json.tm
#            ^ source.json.textmate
#             ^ source.json.textmate punctuation.definition.string.begin.json.tm
#              ^^^^ source.json.textmate keyword.property-name.string.name.json.tm
#                  ^ source.json.textmate punctuation.definition.string.end.json.tm
#                   ^ source.json.textmate punctuation.separator.dictionary.key-value.json.tm
#                    ^ source.json.textmate
#                     ^ source.json.textmate meta.resultLinePrefix.lineNumber.search punctuation.definition.string.begin.json.tm
#                      ^^^^^^^^^^^^^^^^^^^^^^^^^^^^^^^^^^^^^^^ source.json.textmate meta.resultLinePrefix.lineNumber.search
#                                                             ^ source.json.textmate meta.resultLinePrefix.lineNumber.search punctuation.definition.string.end.json.tm
#                                                              ^ source.json.textmate
#                                                               ^ source.json.textmate punctuation.definition.dictionary.end.json.tm
>					},
#^^^^^ source.json.textmate
#     ^ source.json.textmate punctuation.definition.dictionary.end.json.tm
#      ^ source.json.textmate punctuation.separator.dictionary.json.tm
>					"patterns": [ { "include": "source.json.textmate" } ]
#^^^^^ source.json.textmate
#     ^ source.json.textmate punctuation.definition.string.begin.json.tm
#      ^^^^^^^^ source.json.textmate keyword.property-name.string.patterns.json.tm
#              ^ source.json.textmate punctuation.definition.string.end.json.tm
#               ^ source.json.textmate punctuation.separator.dictionary.key-value.json.tm
#                ^ source.json.textmate
#                 ^ source.json.textmate punctuation.definition.array.begin.json.tm
#                  ^ source.json.textmate
#                   ^ source.json.textmate punctuation.definition.dictionary.begin.json.tm
#                    ^ source.json.textmate
#                     ^ source.json.textmate punctuation.definition.string.begin.json.tm
#                      ^^^^^^^ source.json.textmate keyword.property-name.string.include.json.tm
#                             ^ source.json.textmate punctuation.definition.string.end.json.tm
#                              ^ source.json.textmate punctuation.separator.dictionary.key-value.json.tm
#                               ^ source.json.textmate
#                                ^ source.json.textmate punctuation.definition.string.begin.json.tm
#                                 ^^^^^^^ source.json.textmate regex support.function.json.tm
#                                        ^^^^ source.json.textmate regex string
#                                            ^ source.json.textmate regex support.function.json.tm
#                                             ^^^^^^^^ source.json.textmate regex string
#                                                     ^ source.json.textmate punctuation.definition.string.end.json.tm
#                                                      ^ source.json.textmate
#                                                       ^ source.json.textmate punctuation.definition.dictionary.end.json.tm
#                                                        ^ source.json.textmate
#                                                         ^ source.json.textmate punctuation.definition.array.end.json.tm
>				},
#^^^^ source.json.textmate
#    ^ source.json.textmate punctuation.definition.dictionary.end.json.tm
#     ^ source.json.textmate punctuation.separator.array.json.tm
>				{
#^^^^ source.json.textmate
#    ^ source.json.textmate punctuation.definition.dictionary.begin.json.tm
>					"begin": "^  (?:\\s*)((\\d+)(:))",
#^^^^^ source.json.textmate
#     ^ source.json.textmate meta.begin.regexp punctuation.definition.string.begin.json.tm
#      ^^^^^ source.json.textmate meta.begin.regexp keyword.property-name.string.begin.json.tm
#           ^ source.json.textmate meta.begin.regexp punctuation.definition.string.end.json.tm
#            ^ source.json.textmate meta.begin.regexp punctuation.separator.dictionary.key-value.json.tm
#             ^ source.json.textmate meta.begin.regexp
#              ^ source.json.textmate meta.begin.regexp punctuation.definition.string.begin.json.tm
#               ^ source.json.textmate meta.begin.regexp meta.embedded.json.textmate.regexp variable.tm
#                ^ source.json.textmate meta.begin.regexp meta.embedded.json.textmate.regexp entity.name.label.tm strong regex
#                 ^ source.json.textmate meta.begin.regexp meta.embedded.json.textmate.regexp entity.name.label.tm strong regex
#                  ^ source.json.textmate meta.begin.regexp meta.embedded.json.textmate.regexp constant.character.set.regexp.tm
#                   ^^ source.json.textmate meta.begin.regexp meta.embedded.json.textmate.regexp support.function.tm regex
#                     ^^^ source.json.textmate meta.begin.regexp meta.embedded.json.textmate.regexp variable.other.enummember.tm
#                        ^ source.json.textmate meta.begin.regexp meta.embedded.json.textmate.regexp keyword.tm
#                         ^ source.json.textmate meta.begin.regexp meta.embedded.json.textmate.regexp constant.character.set.regexp.tm
#                          ^ source.json.textmate meta.begin.regexp meta.embedded.json.textmate.regexp constant.character.set.regexp.tm strong
#                           ^ source.json.textmate meta.begin.regexp meta.embedded.json.textmate.regexp constant.character.set.regexp.tm strong
#                            ^^^ source.json.textmate meta.begin.regexp meta.embedded.json.textmate.regexp variable.other.enummember.tm
#                               ^ source.json.textmate meta.begin.regexp meta.embedded.json.textmate.regexp keyword.tm
#                                ^ source.json.textmate meta.begin.regexp meta.embedded.json.textmate.regexp constant.character.set.regexp.tm strong
#                                 ^ source.json.textmate meta.begin.regexp meta.embedded.json.textmate.regexp constant.character.set.regexp.tm strong
#                                  ^ source.json.textmate meta.begin.regexp meta.embedded.json.textmate.regexp entity.name.label.tm strong regex
#                                   ^ source.json.textmate meta.begin.regexp meta.embedded.json.textmate.regexp constant.character.set.regexp.tm strong
#                                    ^ source.json.textmate meta.begin.regexp meta.embedded.json.textmate.regexp constant.character.set.regexp.tm strong
#                                     ^ source.json.textmate meta.begin.regexp punctuation.definition.string.end.json.tm
#                                      ^ source.json.textmate punctuation.separator.dictionary.json.tm
>					"while": "(?=not)possible",
#^^^^^ source.json.textmate
#     ^ source.json.textmate meta.while.regexp punctuation.definition.string.begin.json.tm
#      ^^^^^ source.json.textmate meta.while.regexp keyword.property-name.string.while.json.tm
#           ^ source.json.textmate meta.while.regexp punctuation.definition.string.end.json.tm
#            ^ source.json.textmate meta.while.regexp punctuation.separator.dictionary.key-value.json.tm
#             ^ source.json.textmate meta.while.regexp
#              ^ source.json.textmate meta.while.regexp punctuation.definition.string.begin.json.tm
#               ^ source.json.textmate meta.while.regexp meta.embedded.json.textmate.regexp constant.character.set.regexp.tm markup.italic
#                ^^ source.json.textmate meta.while.regexp meta.embedded.json.textmate.regexp support.function.tm
#                  ^^^ source.json.textmate meta.while.regexp meta.embedded.json.textmate.regexp entity.name.label.tm strong regex
#                     ^ source.json.textmate meta.while.regexp meta.embedded.json.textmate.regexp constant.character.set.regexp.tm markup.italic
#                      ^^^^^^^^ source.json.textmate meta.while.regexp meta.embedded.json.textmate.regexp entity.name.label.tm strong regex
#                              ^ source.json.textmate meta.while.regexp punctuation.definition.string.end.json.tm
#                               ^ source.json.textmate punctuation.separator.dictionary.json.tm
>					"name": "meta.resultLine.search meta.resultLine.singleLine.search",
#^^^^^ source.json.textmate
#     ^ source.json.textmate punctuation.definition.string.begin.json.tm
#      ^^^^ source.json.textmate keyword.property-name.string.name.json.tm
#          ^ source.json.textmate punctuation.definition.string.end.json.tm
#           ^ source.json.textmate punctuation.separator.dictionary.key-value.json.tm
#            ^ source.json.textmate
#             ^ source.json.textmate meta.resultLine.search meta.resultLine.singleLine.search punctuation.definition.string.begin.json.tm
#              ^^^^^^^^^^^^^^^ source.json.textmate meta.resultLine.search meta.resultLine.singleLine.search meta.resultLine
#                             ^^^^^^^^^^^^^^^^^^^^^^^^^^^^^^^^^^^^^^^^^ source.json.textmate meta.resultLine.search meta.resultLine.singleLine.search
#                                                                      ^ source.json.textmate meta.resultLine.search meta.resultLine.singleLine.search punctuation.definition.string.end.json.tm
#                                                                       ^ source.json.textmate punctuation.separator.dictionary.json.tm
>					"beginCaptures": {
#^^^^^ source.json.textmate
#     ^ source.json.textmate punctuation.definition.string.begin.json.tm
#      ^^^^^^^^^^^^^ source.json.textmate keyword.property-name.string.beginCaptures.json.tm
#                   ^ source.json.textmate punctuation.definition.string.end.json.tm
#                    ^ source.json.textmate punctuation.separator.dictionary.key-value.json.tm
#                     ^ source.json.textmate
#                      ^ source.json.textmate punctuation.definition.dictionary.begin.json.tm
>						"0": { "name": "constant.numeric.integer meta.resultLinePrefix.search" },
#^^^^^^ source.json.textmate
#      ^ source.json.textmate
#       ^ source.json.textmate constant.numeric.json.tm
#        ^ source.json.textmate
#         ^ source.json.textmate punctuation.separator.dictionary.key-value.json.tm
#          ^ source.json.textmate
#           ^ source.json.textmate punctuation.definition.dictionary.begin.json.tm
#            ^ source.json.textmate
#             ^ source.json.textmate punctuation.definition.string.begin.json.tm
#              ^^^^ source.json.textmate keyword.property-name.string.name.json.tm
#                  ^ source.json.textmate punctuation.definition.string.end.json.tm
#                   ^ source.json.textmate punctuation.separator.dictionary.key-value.json.tm
#                    ^ source.json.textmate
#                     ^ source.json.textmate constant.numeric.integer meta.resultLinePrefix.search punctuation.definition.string.begin.json.tm
#                      ^^^^^^^^^^^^^^^^ source.json.textmate constant.numeric.integer meta.resultLinePrefix.search constant.numeric
#                                      ^^^^^^^^^^^^^^^^^^^^^^^^^^^^^^^^^^^^^ source.json.textmate constant.numeric.integer meta.resultLinePrefix.search
#                                                                           ^ source.json.textmate constant.numeric.integer meta.resultLinePrefix.search punctuation.definition.string.end.json.tm
#                                                                            ^ source.json.textmate
#                                                                             ^ source.json.textmate punctuation.definition.dictionary.end.json.tm
#                                                                              ^ source.json.textmate punctuation.separator.dictionary.json.tm
>						"1": { "name": "meta.resultLinePrefix.matchLinePrefix.search" },
#^^^^^^ source.json.textmate
#      ^ source.json.textmate
#       ^ source.json.textmate constant.numeric.json.tm
#        ^ source.json.textmate
#         ^ source.json.textmate punctuation.separator.dictionary.key-value.json.tm
#          ^ source.json.textmate
#           ^ source.json.textmate punctuation.definition.dictionary.begin.json.tm
#            ^ source.json.textmate
#             ^ source.json.textmate punctuation.definition.string.begin.json.tm
#              ^^^^ source.json.textmate keyword.property-name.string.name.json.tm
#                  ^ source.json.textmate punctuation.definition.string.end.json.tm
#                   ^ source.json.textmate punctuation.separator.dictionary.key-value.json.tm
#                    ^ source.json.textmate
#                     ^ source.json.textmate meta.resultLinePrefix.matchLinePrefix.search punctuation.definition.string.begin.json.tm
#                      ^^^^^^^^^^^^^^^^^^^^^^^^^^^^^^^^^^^^^^^^^^^^ source.json.textmate meta.resultLinePrefix.matchLinePrefix.search
#                                                                  ^ source.json.textmate meta.resultLinePrefix.matchLinePrefix.search punctuation.definition.string.end.json.tm
#                                                                   ^ source.json.textmate
#                                                                    ^ source.json.textmate punctuation.definition.dictionary.end.json.tm
#                                                                     ^ source.json.textmate punctuation.separator.dictionary.json.tm
>						"2": { "name": "meta.resultLinePrefix.lineNumber.search" },
#^^^^^^ source.json.textmate
#      ^ source.json.textmate
#       ^ source.json.textmate constant.numeric.json.tm
#        ^ source.json.textmate
#         ^ source.json.textmate punctuation.separator.dictionary.key-value.json.tm
#          ^ source.json.textmate
#           ^ source.json.textmate punctuation.definition.dictionary.begin.json.tm
#            ^ source.json.textmate
#             ^ source.json.textmate punctuation.definition.string.begin.json.tm
#              ^^^^ source.json.textmate keyword.property-name.string.name.json.tm
#                  ^ source.json.textmate punctuation.definition.string.end.json.tm
#                   ^ source.json.textmate punctuation.separator.dictionary.key-value.json.tm
#                    ^ source.json.textmate
#                     ^ source.json.textmate meta.resultLinePrefix.lineNumber.search punctuation.definition.string.begin.json.tm
#                      ^^^^^^^^^^^^^^^^^^^^^^^^^^^^^^^^^^^^^^^ source.json.textmate meta.resultLinePrefix.lineNumber.search
#                                                             ^ source.json.textmate meta.resultLinePrefix.lineNumber.search punctuation.definition.string.end.json.tm
#                                                              ^ source.json.textmate
#                                                               ^ source.json.textmate punctuation.definition.dictionary.end.json.tm
#                                                                ^ source.json.textmate punctuation.separator.dictionary.json.tm
>						"3": { "name": "punctuation.separator" }
#^^^^^^ source.json.textmate
#      ^ source.json.textmate
#       ^ source.json.textmate constant.numeric.json.tm
#        ^ source.json.textmate
#         ^ source.json.textmate punctuation.separator.dictionary.key-value.json.tm
#          ^ source.json.textmate
#           ^ source.json.textmate punctuation.definition.dictionary.begin.json.tm
#            ^ source.json.textmate
#             ^ source.json.textmate punctuation.definition.string.begin.json.tm
#              ^^^^ source.json.textmate keyword.property-name.string.name.json.tm
#                  ^ source.json.textmate punctuation.definition.string.end.json.tm
#                   ^ source.json.textmate punctuation.separator.dictionary.key-value.json.tm
#                    ^ source.json.textmate
#                     ^ source.json.textmate punctuation.separator punctuation.definition.string.begin.json.tm
#                      ^^^^^^^^^^^^^^^^^^^^^ source.json.textmate punctuation.separator
#                                           ^ source.json.textmate punctuation.separator punctuation.definition.string.end.json.tm
#                                            ^ source.json.textmate
#                                             ^ source.json.textmate punctuation.definition.dictionary.end.json.tm
>					},
#^^^^^ source.json.textmate
#     ^ source.json.textmate punctuation.definition.dictionary.end.json.tm
#      ^ source.json.textmate punctuation.separator.dictionary.json.tm
>					"patterns": [ { "include": "source.json.textmate" } ]
#^^^^^ source.json.textmate
#     ^ source.json.textmate punctuation.definition.string.begin.json.tm
#      ^^^^^^^^ source.json.textmate keyword.property-name.string.patterns.json.tm
#              ^ source.json.textmate punctuation.definition.string.end.json.tm
#               ^ source.json.textmate punctuation.separator.dictionary.key-value.json.tm
#                ^ source.json.textmate
#                 ^ source.json.textmate punctuation.definition.array.begin.json.tm
#                  ^ source.json.textmate
#                   ^ source.json.textmate punctuation.definition.dictionary.begin.json.tm
#                    ^ source.json.textmate
#                     ^ source.json.textmate punctuation.definition.string.begin.json.tm
#                      ^^^^^^^ source.json.textmate keyword.property-name.string.include.json.tm
#                             ^ source.json.textmate punctuation.definition.string.end.json.tm
#                              ^ source.json.textmate punctuation.separator.dictionary.key-value.json.tm
#                               ^ source.json.textmate
#                                ^ source.json.textmate punctuation.definition.string.begin.json.tm
#                                 ^^^^^^^ source.json.textmate regex support.function.json.tm
#                                        ^^^^ source.json.textmate regex string
#                                            ^ source.json.textmate regex support.function.json.tm
#                                             ^^^^^^^^ source.json.textmate regex string
#                                                     ^ source.json.textmate punctuation.definition.string.end.json.tm
#                                                      ^ source.json.textmate
#                                                       ^ source.json.textmate punctuation.definition.dictionary.end.json.tm
#                                                        ^ source.json.textmate
#                                                         ^ source.json.textmate punctuation.definition.array.end.json.tm
>				}
#^^^^ source.json.textmate
#    ^ source.json.textmate punctuation.definition.dictionary.end.json.tm
>			]
#^^^ source.json.textmate
#   ^ source.json.textmate punctuation.definition.array.end.json.tm
>		}
#^^ source.json.textmate
#  ^ source.json.textmate punctuation.definition.dictionary.end.json.tm
>	}
#^ source.json.textmate
# ^ source.json.textmate punctuation.definition.dictionary.end.json.tm
>}
#^ source.json.textmate punctuation.definition.dictionary.end.json.tm
>