>{
#^ source.json.textmate punctuation.definition.dictionary.begin.json.tm
>	"$schema": "https://raw.githubusercontent.com/RedCMD/TmLanguage-Syntax-Highlighter/main/vscode.tmLanguage.schema.json",
#^ source.json.textmate
# ^ source.json.textmate punctuation.definition.string.begin.json.tm
#  ^^^^^^^ source.json.textmate keyword.property-name.string.schema.json.tm
#         ^ source.json.textmate punctuation.definition.string.end.json.tm
#          ^ source.json.textmate punctuation.separator.dictionary.key-value.json.tm
#           ^ source.json.textmate
#            ^ source.json.textmate string.quoted.double.json.tm punctuation.definition.string.begin.json.tm
#             ^^^^^^^^^^^^^^^^^^^^^^^^^^^^^^^^^^^^^^^^^^^^^^^^^^^^^^^^^^^^^^^^^^^^^^^^^^^^^^^^^^^^^^^^^^^^^^^^^^^^^^^^^ source.json.textmate string.quoted.double.json.tm
#                                                                                                                      ^ source.json.textmate string.quoted.double.json.tm punctuation.definition.string.end.json.tm
#                                                                                                                       ^ source.json.textmate punctuation.separator.dictionary.json.tm
>	"comment": "https://github.com/PanAeon/vscode-tmgrammar-test",
#^ source.json.textmate
# ^ source.json.textmate punctuation.definition.string.begin.json.tm
#  ^^^^^^^ source.json.textmate keyword.property-name.string.comment.json.tm
#         ^ source.json.textmate punctuation.definition.string.end.json.tm
#          ^ source.json.textmate punctuation.separator.dictionary.key-value.json.tm
#           ^ source.json.textmate
#            ^ source.json.textmate quoted.double.json.tm comment.json.tm punctuation.definition.string.begin.json.tm
#             ^^^^^^^^^^^^^^^^^^^^^^^^^^^^^^^^^^^^^^^^^^^^^^^^ source.json.textmate quoted.double.json.tm comment.json.tm
#                                                             ^ source.json.textmate quoted.double.json.tm comment.json.tm punctuation.definition.string.end.json.tm
#                                                              ^ source.json.textmate punctuation.separator.dictionary.json.tm
>	"name": "vscode-tmgrammar-test injection",
#^ source.json.textmate
# ^ source.json.textmate punctuation.definition.string.begin.json.tm
#  ^^^^ source.json.textmate keyword.property-name.string.name.json.tm
#      ^ source.json.textmate punctuation.definition.string.end.json.tm
#       ^ source.json.textmate punctuation.separator.dictionary.key-value.json.tm
#        ^ source.json.textmate
#         ^ source.json.textmate string.quoted.double.json.tm punctuation.definition.string.begin.json.tm
#          ^^^^^^^^^^^^^^^^^^^^^^^^^^^^^^^ source.json.textmate string.quoted.double.json.tm
#                                         ^ source.json.textmate string.quoted.double.json.tm punctuation.definition.string.end.json.tm
#                                          ^ source.json.textmate punctuation.separator.dictionary.json.tm
>	"scopeName": "source.textmate.tmgrammar.injection",
#^ source.json.textmate
# ^ source.json.textmate punctuation.definition.string.begin.json.tm
#  ^^^^^^^^^ source.json.textmate keyword.property-name.string.scopeName.json.tm
#           ^ source.json.textmate punctuation.definition.string.end.json.tm
#            ^ source.json.textmate punctuation.separator.dictionary.key-value.json.tm
#             ^ source.json.textmate
#              ^ source.json.textmate punctuation.definition.string.begin.json.tm
#               ^^^^^^ source.json.textmate support.function.json.tm
#                     ^ source.json.textmate support.function.json.tm
#                      ^^^^^^^^ source.json.textmate string.json.tm
#                              ^ source.json.textmate support.function.json.tm
#                               ^^^^^^^^^ source.json.textmate string.json.tm
#                                        ^ source.json.textmate support.function.json.tm
#                                         ^^^^^^^^^ source.json.textmate string.json.tm
#                                                  ^ source.json.textmate punctuation.definition.string.end.json.tm
#                                                   ^ source.json.textmate punctuation.separator.dictionary.json.tm
>	"injectionSelector": "R:comment.line -meta.embedded.tmgrammar",
#^ source.json.textmate
# ^ source.json.textmate punctuation.definition.string.begin.json.tm
#  ^^^^^^^^^^^^^^^^^ source.json.textmate keyword.property-name.string.injectionSelector.json.tm
#                   ^ source.json.textmate punctuation.definition.string.end.json.tm
#                    ^ source.json.textmate punctuation.separator.dictionary.key-value.json.tm
#                     ^ source.json.textmate
#                      ^ source.json.textmate punctuation.definition.string.begin.json.tm
#                       ^^ source.json.textmate keyword.control.priority.tm
#                         ^^^^^^^^^^^^ source.json.textmate string.tm comment.line
#                                     ^ source.json.textmate comment.injection.whitespace.tm
#                                      ^ source.json.textmate support.function.tm
#                                       ^^^^^^^^^^^^^^^^^^^^^^^ source.json.textmate string.tm emphasis.tm meta.embedded.tmgrammar
#                                                              ^ source.json.textmate punctuation.definition.string.end.json.tm
#                                                               ^ source.json.textmate punctuation.separator.dictionary.json.tm
>	"patterns": [
#^ source.json.textmate
# ^ source.json.textmate punctuation.definition.string.begin.json.tm
#  ^^^^^^^^ source.json.textmate keyword.property-name.string.patterns.json.tm
#          ^ source.json.textmate punctuation.definition.string.end.json.tm
#           ^ source.json.textmate punctuation.separator.dictionary.key-value.json.tm
#            ^ source.json.textmate
#             ^ source.json.textmate punctuation.definition.array.begin.json.tm
>		{ "include": "#SYNTAX_TEST" },
#^^ source.json.textmate
#  ^ source.json.textmate punctuation.definition.dictionary.begin.json.tm
#   ^ source.json.textmate
#    ^ source.json.textmate punctuation.definition.string.begin.json.tm
#     ^^^^^^^ source.json.textmate keyword.property-name.string.include.json.tm
#            ^ source.json.textmate punctuation.definition.string.end.json.tm
#             ^ source.json.textmate punctuation.separator.dictionary.key-value.json.tm
#              ^ source.json.textmate
#               ^ source.json.textmate punctuation.definition.string.begin.json.tm
#                ^ source.json.textmate regex keyword.json.tm
#                 ^^^^^^^^^^^ source.json.textmate regex variable.json.tm
#                            ^ source.json.textmate punctuation.definition.string.end.json.tm
#                             ^ source.json.textmate
#                              ^ source.json.textmate punctuation.definition.dictionary.end.json.tm
#                               ^ source.json.textmate punctuation.separator.array.json.tm
>		{ "include": "#scope-line" }
#^^ source.json.textmate
#  ^ source.json.textmate punctuation.definition.dictionary.begin.json.tm
#   ^ source.json.textmate
#    ^ source.json.textmate punctuation.definition.string.begin.json.tm
#     ^^^^^^^ source.json.textmate keyword.property-name.string.include.json.tm
#            ^ source.json.textmate punctuation.definition.string.end.json.tm
#             ^ source.json.textmate punctuation.separator.dictionary.key-value.json.tm
#              ^ source.json.textmate
#               ^ source.json.textmate punctuation.definition.string.begin.json.tm
#                ^ source.json.textmate regex keyword.json.tm
#                 ^^^^^^^^^^ source.json.textmate regex variable.json.tm
#                           ^ source.json.textmate punctuation.definition.string.end.json.tm
#                            ^ source.json.textmate
#                             ^ source.json.textmate punctuation.definition.dictionary.end.json.tm
>	],
#^ source.json.textmate
# ^ source.json.textmate punctuation.definition.array.end.json.tm
#  ^ source.json.textmate punctuation.separator.dictionary.json.tm
>	"repository": {
#^ source.json.textmate
# ^ source.json.textmate punctuation.definition.string.begin.json.tm
#  ^^^^^^^^^^ source.json.textmate keyword.property-name.string.repository.json.tm
#            ^ source.json.textmate punctuation.definition.string.end.json.tm
#             ^ source.json.textmate punctuation.separator.dictionary.key-value.json.tm
#              ^ source.json.textmate
#               ^ source.json.textmate punctuation.definition.dictionary.begin.json.tm
>		"SYNTAX_TEST": {
#^^ source.json.textmate
#  ^ source.json.textmate punctuation.definition.string.begin.json.tm
#   ^^^^^^^^^^^ source.json.textmate variable.json.tm regex
#              ^ source.json.textmate punctuation.definition.string.end.json.tm
#               ^ source.json.textmate punctuation.separator.dictionary.key-value.json.tm
#                ^ source.json.textmate
#                 ^ source.json.textmate punctuation.definition.dictionary.begin.json.tm
>			"match": "(?<=^[^^\\w\\s]{1,5})\\G\\s+(SYNTAX\\s+TEST)(?>\\s+(\"[^\"]+\")(?>\\s+(\"[^\"]+\"))?)?[\\t ]*$",
#^^^ source.json.textmate
#   ^ source.json.textmate meta.match.regexp punctuation.definition.string.begin.json.tm
#    ^^^^^ source.json.textmate meta.match.regexp keyword.property-name.string.match.json.tm
#         ^ source.json.textmate meta.match.regexp punctuation.definition.string.end.json.tm
#          ^ source.json.textmate meta.match.regexp punctuation.separator.dictionary.key-value.json.tm
#           ^ source.json.textmate meta.match.regexp
#            ^ source.json.textmate meta.match.regexp punctuation.definition.string.begin.json.tm
#             ^ source.json.textmate meta.match.regexp meta.embedded.json.textmate.regexp constant.character.set.regexp.tm markup.italic
#              ^^^ source.json.textmate meta.match.regexp meta.embedded.json.textmate.regexp support.function.tm regex
#                 ^ source.json.textmate meta.match.regexp meta.embedded.json.textmate.regexp capture-group-lookbehind variable.tm
#                  ^ source.json.textmate meta.match.regexp meta.embedded.json.textmate.regexp capture-group-lookbehind support.class.tm
#                   ^ source.json.textmate meta.match.regexp meta.embedded.json.textmate.regexp capture-group-lookbehind support.function.tm strong
#                    ^ source.json.textmate meta.match.regexp meta.embedded.json.textmate.regexp capture-group-lookbehind character-class literal.tm regex
#                     ^^^ source.json.textmate meta.match.regexp meta.embedded.json.textmate.regexp capture-group-lookbehind character-class variable.other.enummember.tm
#                        ^^^ source.json.textmate meta.match.regexp meta.embedded.json.textmate.regexp capture-group-lookbehind character-class variable.other.enummember.tm
#                           ^ source.json.textmate meta.match.regexp meta.embedded.json.textmate.regexp capture-group-lookbehind support.class.tm
#                            ^ source.json.textmate meta.match.regexp meta.embedded.json.textmate.regexp capture-group-lookbehind keyword.tm
#                             ^ source.json.textmate meta.match.regexp meta.embedded.json.textmate.regexp capture-group-lookbehind constant.numeric.tm
#                              ^ source.json.textmate meta.match.regexp meta.embedded.json.textmate.regexp capture-group-lookbehind support.function.tm
#                               ^ source.json.textmate meta.match.regexp meta.embedded.json.textmate.regexp capture-group-lookbehind constant.numeric.tm
#                                ^ source.json.textmate meta.match.regexp meta.embedded.json.textmate.regexp capture-group-lookbehind keyword.tm
#                                 ^ source.json.textmate meta.match.regexp meta.embedded.json.textmate.regexp constant.character.set.regexp.tm markup.italic
#                                  ^^^ source.json.textmate meta.match.regexp meta.embedded.json.textmate.regexp variable.tm
#                                     ^^^ source.json.textmate meta.match.regexp meta.embedded.json.textmate.regexp variable.other.enummember.tm
#                                        ^ source.json.textmate meta.match.regexp meta.embedded.json.textmate.regexp keyword.tm
#                                         ^ source.json.textmate meta.match.regexp meta.embedded.json.textmate.regexp constant.character.set.regexp.tm strong
#                                          ^^^^^^ source.json.textmate meta.match.regexp meta.embedded.json.textmate.regexp entity.name.label.tm strong regex
#                                                ^^^ source.json.textmate meta.match.regexp meta.embedded.json.textmate.regexp variable.other.enummember.tm
#                                                   ^ source.json.textmate meta.match.regexp meta.embedded.json.textmate.regexp keyword.tm
#                                                    ^^^^ source.json.textmate meta.match.regexp meta.embedded.json.textmate.regexp entity.name.label.tm strong regex
#                                                        ^ source.json.textmate meta.match.regexp meta.embedded.json.textmate.regexp constant.character.set.regexp.tm strong
#                                                         ^ source.json.textmate meta.match.regexp meta.embedded.json.textmate.regexp constant.character.set.regexp.tm
#                                                          ^^ source.json.textmate meta.match.regexp meta.embedded.json.textmate.regexp support.function.tm regex
#                                                            ^^^ source.json.textmate meta.match.regexp meta.embedded.json.textmate.regexp variable.other.enummember.tm
#                                                               ^ source.json.textmate meta.match.regexp meta.embedded.json.textmate.regexp keyword.tm
#                                                                ^ source.json.textmate meta.match.regexp meta.embedded.json.textmate.regexp constant.character.set.regexp.tm strong
#                                                                 ^^ source.json.textmate meta.match.regexp meta.embedded.json.textmate.regexp string.tm
#                                                                   ^ source.json.textmate meta.match.regexp meta.embedded.json.textmate.regexp support.class.tm
#                                                                    ^ source.json.textmate meta.match.regexp meta.embedded.json.textmate.regexp support.function.tm strong
#                                                                     ^^ source.json.textmate meta.match.regexp meta.embedded.json.textmate.regexp character-class string.tm
#                                                                       ^ source.json.textmate meta.match.regexp meta.embedded.json.textmate.regexp support.class.tm
#                                                                        ^ source.json.textmate meta.match.regexp meta.embedded.json.textmate.regexp keyword.tm
#                                                                         ^^ source.json.textmate meta.match.regexp meta.embedded.json.textmate.regexp string.tm
#                                                                           ^ source.json.textmate meta.match.regexp meta.embedded.json.textmate.regexp constant.character.set.regexp.tm strong
#                                                                            ^ source.json.textmate meta.match.regexp meta.embedded.json.textmate.regexp constant.character.set.regexp.tm
#                                                                             ^^ source.json.textmate meta.match.regexp meta.embedded.json.textmate.regexp support.function.tm regex
#                                                                               ^^^ source.json.textmate meta.match.regexp meta.embedded.json.textmate.regexp variable.other.enummember.tm
#                                                                                  ^ source.json.textmate meta.match.regexp meta.embedded.json.textmate.regexp keyword.tm
#                                                                                   ^ source.json.textmate meta.match.regexp meta.embedded.json.textmate.regexp constant.character.set.regexp.tm strong
#                                                                                    ^^ source.json.textmate meta.match.regexp meta.embedded.json.textmate.regexp string.tm
#                                                                                      ^ source.json.textmate meta.match.regexp meta.embedded.json.textmate.regexp support.class.tm
#                                                                                       ^ source.json.textmate meta.match.regexp meta.embedded.json.textmate.regexp support.function.tm strong
#                                                                                        ^^ source.json.textmate meta.match.regexp meta.embedded.json.textmate.regexp character-class string.tm
#                                                                                          ^ source.json.textmate meta.match.regexp meta.embedded.json.textmate.regexp support.class.tm
#                                                                                           ^ source.json.textmate meta.match.regexp meta.embedded.json.textmate.regexp keyword.tm
#                                                                                            ^^ source.json.textmate meta.match.regexp meta.embedded.json.textmate.regexp string.tm
#                                                                                              ^ source.json.textmate meta.match.regexp meta.embedded.json.textmate.regexp constant.character.set.regexp.tm strong
#                                                                                               ^ source.json.textmate meta.match.regexp meta.embedded.json.textmate.regexp constant.character.set.regexp.tm
#                                                                                                ^ source.json.textmate meta.match.regexp meta.embedded.json.textmate.regexp keyword.tm
#                                                                                                 ^ source.json.textmate meta.match.regexp meta.embedded.json.textmate.regexp constant.character.set.regexp.tm
#                                                                                                  ^ source.json.textmate meta.match.regexp meta.embedded.json.textmate.regexp keyword.tm
#                                                                                                   ^ source.json.textmate meta.match.regexp meta.embedded.json.textmate.regexp support.class.tm
#                                                                                                    ^^^ source.json.textmate meta.match.regexp meta.embedded.json.textmate.regexp character-class punctuation.definition.list.begin.markdown
#                                                                                                       ^ source.json.textmate meta.match.regexp meta.embedded.json.textmate.regexp character-class literal.tm regex
#                                                                                                        ^ source.json.textmate meta.match.regexp meta.embedded.json.textmate.regexp support.class.tm
#                                                                                                         ^ source.json.textmate meta.match.regexp meta.embedded.json.textmate.regexp keyword.tm
#                                                                                                          ^ source.json.textmate meta.match.regexp meta.embedded.json.textmate.regexp variable.tm
#                                                                                                           ^ source.json.textmate meta.match.regexp punctuation.definition.string.end.json.tm
#                                                                                                            ^ source.json.textmate punctuation.separator.dictionary.json.tm
>			"captures": {
#^^^ source.json.textmate
#   ^ source.json.textmate punctuation.definition.string.begin.json.tm
#    ^^^^^^^^ source.json.textmate keyword.property-name.string.captures.json.tm
#            ^ source.json.textmate punctuation.definition.string.end.json.tm
#             ^ source.json.textmate punctuation.separator.dictionary.key-value.json.tm
#              ^ source.json.textmate
#               ^ source.json.textmate punctuation.definition.dictionary.begin.json.tm
>				"1": { "name": "keyword.tmgrammar" },
#^^^^ source.json.textmate
#    ^ source.json.textmate
#     ^ source.json.textmate constant.numeric.json.tm
#      ^ source.json.textmate
#       ^ source.json.textmate punctuation.separator.dictionary.key-value.json.tm
#        ^ source.json.textmate
#         ^ source.json.textmate punctuation.definition.dictionary.begin.json.tm
#          ^ source.json.textmate
#           ^ source.json.textmate punctuation.definition.string.begin.json.tm
#            ^^^^ source.json.textmate keyword.property-name.string.name.json.tm
#                ^ source.json.textmate punctuation.definition.string.end.json.tm
#                 ^ source.json.textmate punctuation.separator.dictionary.key-value.json.tm
#                  ^ source.json.textmate
#                   ^ source.json.textmate keyword.tmgrammar punctuation.definition.string.begin.json.tm
#                    ^^^^^^^^^^^^^^^^^ source.json.textmate keyword.tmgrammar
#                                     ^ source.json.textmate keyword.tmgrammar punctuation.definition.string.end.json.tm
#                                      ^ source.json.textmate
#                                       ^ source.json.textmate punctuation.definition.dictionary.end.json.tm
#                                        ^ source.json.textmate punctuation.separator.dictionary.json.tm
>				"2": {
#^^^^ source.json.textmate
#    ^ source.json.textmate
#     ^ source.json.textmate constant.numeric.json.tm
#      ^ source.json.textmate
#       ^ source.json.textmate punctuation.separator.dictionary.key-value.json.tm
#        ^ source.json.textmate
#         ^ source.json.textmate punctuation.definition.dictionary.begin.json.tm
>					"name": "string.quoted.double.scopeName.tmgrammar",
#^^^^^ source.json.textmate
#     ^ source.json.textmate punctuation.definition.string.begin.json.tm
#      ^^^^ source.json.textmate keyword.property-name.string.name.json.tm
#          ^ source.json.textmate punctuation.definition.string.end.json.tm
#           ^ source.json.textmate punctuation.separator.dictionary.key-value.json.tm
#            ^ source.json.textmate
#             ^ source.json.textmate string.quoted.double.scopeName.tmgrammar punctuation.definition.string.begin.json.tm
#              ^^^^^^ source.json.textmate string.quoted.double.scopeName.tmgrammar markup.italic
#                    ^^^^^^^^^^^^^^^^^^^^^^^^^^^^^^^^^^ source.json.textmate string.quoted.double.scopeName.tmgrammar
#                                                      ^ source.json.textmate string.quoted.double.scopeName.tmgrammar punctuation.definition.string.end.json.tm
#                                                       ^ source.json.textmate punctuation.separator.dictionary.json.tm
>					"patterns": [
#^^^^^ source.json.textmate
#     ^ source.json.textmate punctuation.definition.string.begin.json.tm
#      ^^^^^^^^ source.json.textmate keyword.property-name.string.patterns.json.tm
#              ^ source.json.textmate punctuation.definition.string.end.json.tm
#               ^ source.json.textmate punctuation.separator.dictionary.key-value.json.tm
#                ^ source.json.textmate
#                 ^ source.json.textmate punctuation.definition.array.begin.json.tm
>						{
#^^^^^^ source.json.textmate
#      ^ source.json.textmate punctuation.definition.dictionary.begin.json.tm
>							"match": "(?<=\")(?>source|text)\\.",
#^^^^^^^ source.json.textmate
#       ^ source.json.textmate meta.match.regexp punctuation.definition.string.begin.json.tm
#        ^^^^^ source.json.textmate meta.match.regexp keyword.property-name.string.match.json.tm
#             ^ source.json.textmate meta.match.regexp punctuation.definition.string.end.json.tm
#              ^ source.json.textmate meta.match.regexp punctuation.separator.dictionary.key-value.json.tm
#               ^ source.json.textmate meta.match.regexp
#                ^ source.json.textmate meta.match.regexp punctuation.definition.string.begin.json.tm
#                 ^ source.json.textmate meta.match.regexp meta.embedded.json.textmate.regexp constant.character.set.regexp.tm markup.italic
#                  ^^^ source.json.textmate meta.match.regexp meta.embedded.json.textmate.regexp support.function.tm regex
#                     ^^ source.json.textmate meta.match.regexp meta.embedded.json.textmate.regexp capture-group-lookbehind string.tm
#                       ^ source.json.textmate meta.match.regexp meta.embedded.json.textmate.regexp constant.character.set.regexp.tm markup.italic
#                        ^ source.json.textmate meta.match.regexp meta.embedded.json.textmate.regexp constant.character.set.regexp.tm
#                         ^^ source.json.textmate meta.match.regexp meta.embedded.json.textmate.regexp support.function.tm regex
#                           ^^^^^^ source.json.textmate meta.match.regexp meta.embedded.json.textmate.regexp entity.name.label.tm strong regex
#                                 ^ source.json.textmate meta.match.regexp meta.embedded.json.textmate.regexp keyword.control.tm
#                                  ^^^^ source.json.textmate meta.match.regexp meta.embedded.json.textmate.regexp entity.name.label.tm strong regex
#                                      ^ source.json.textmate meta.match.regexp meta.embedded.json.textmate.regexp constant.character.set.regexp.tm
#                                       ^^ source.json.textmate meta.match.regexp meta.embedded.json.textmate.regexp constant.character.escape.tm
#                                         ^ source.json.textmate meta.match.regexp meta.embedded.json.textmate.regexp entity.name.label.tm strong regex
#                                          ^ source.json.textmate meta.match.regexp punctuation.definition.string.end.json.tm
#                                           ^ source.json.textmate punctuation.separator.dictionary.json.tm
>							"name": "support.function.tmgrammar"
#^^^^^^^ source.json.textmate
#       ^ source.json.textmate punctuation.definition.string.begin.json.tm
#        ^^^^ source.json.textmate keyword.property-name.string.name.json.tm
#            ^ source.json.textmate punctuation.definition.string.end.json.tm
#             ^ source.json.textmate punctuation.separator.dictionary.key-value.json.tm
#              ^ source.json.textmate
#               ^ source.json.textmate support.function.tmgrammar punctuation.definition.string.begin.json.tm
#                ^^^^^^^^^^^^^^^^^^^^^^^^^^ source.json.textmate support.function.tmgrammar
#                                          ^ source.json.textmate support.function.tmgrammar punctuation.definition.string.end.json.tm
>						},
#^^^^^^ source.json.textmate
#      ^ source.json.textmate punctuation.definition.dictionary.end.json.tm
#       ^ source.json.textmate punctuation.separator.array.json.tm
>						{
#^^^^^^ source.json.textmate
#      ^ source.json.textmate punctuation.definition.dictionary.begin.json.tm
>							"match": "\\.",
#^^^^^^^ source.json.textmate
#       ^ source.json.textmate meta.match.regexp punctuation.definition.string.begin.json.tm
#        ^^^^^ source.json.textmate meta.match.regexp keyword.property-name.string.match.json.tm
#             ^ source.json.textmate meta.match.regexp punctuation.definition.string.end.json.tm
#              ^ source.json.textmate meta.match.regexp punctuation.separator.dictionary.key-value.json.tm
#               ^ source.json.textmate meta.match.regexp
#                ^ source.json.textmate meta.match.regexp punctuation.definition.string.begin.json.tm
#                 ^^ source.json.textmate meta.match.regexp meta.embedded.json.textmate.regexp constant.character.escape.tm
#                   ^ source.json.textmate meta.match.regexp meta.embedded.json.textmate.regexp entity.name.label.tm strong regex
#                    ^ source.json.textmate meta.match.regexp punctuation.definition.string.end.json.tm
#                     ^ source.json.textmate punctuation.separator.dictionary.json.tm
>							"name": "support.function.tmgrammar"
#^^^^^^^ source.json.textmate
#       ^ source.json.textmate punctuation.definition.string.begin.json.tm
#        ^^^^ source.json.textmate keyword.property-name.string.name.json.tm
#            ^ source.json.textmate punctuation.definition.string.end.json.tm
#             ^ source.json.textmate punctuation.separator.dictionary.key-value.json.tm
#              ^ source.json.textmate
#               ^ source.json.textmate support.function.tmgrammar punctuation.definition.string.begin.json.tm
#                ^^^^^^^^^^^^^^^^^^^^^^^^^^ source.json.textmate support.function.tmgrammar
#                                          ^ source.json.textmate support.function.tmgrammar punctuation.definition.string.end.json.tm
>						},
#^^^^^^ source.json.textmate
#      ^ source.json.textmate punctuation.definition.dictionary.end.json.tm
#       ^ source.json.textmate punctuation.separator.array.json.tm
>						{
#^^^^^^ source.json.textmate
#      ^ source.json.textmate punctuation.definition.dictionary.begin.json.tm
>							"match": "\\b(?>comment|string|regex|meta\\.embedded)\\b",
#^^^^^^^ source.json.textmate
#       ^ source.json.textmate meta.match.regexp punctuation.definition.string.begin.json.tm
#        ^^^^^ source.json.textmate meta.match.regexp keyword.property-name.string.match.json.tm
#             ^ source.json.textmate meta.match.regexp punctuation.definition.string.end.json.tm
#              ^ source.json.textmate meta.match.regexp punctuation.separator.dictionary.key-value.json.tm
#               ^ source.json.textmate meta.match.regexp
#                ^ source.json.textmate meta.match.regexp punctuation.definition.string.begin.json.tm
#                 ^^^ source.json.textmate meta.match.regexp meta.embedded.json.textmate.regexp variable.tm
#                    ^ source.json.textmate meta.match.regexp meta.embedded.json.textmate.regexp constant.character.set.regexp.tm
#                     ^^ source.json.textmate meta.match.regexp meta.embedded.json.textmate.regexp support.function.tm regex
#                       ^^^^^^^ source.json.textmate meta.match.regexp meta.embedded.json.textmate.regexp entity.name.label.tm strong regex
#                              ^ source.json.textmate meta.match.regexp meta.embedded.json.textmate.regexp keyword.control.tm
#                               ^^^^^^ source.json.textmate meta.match.regexp meta.embedded.json.textmate.regexp entity.name.label.tm strong regex
#                                     ^ source.json.textmate meta.match.regexp meta.embedded.json.textmate.regexp keyword.control.tm
#                                      ^^^^^ source.json.textmate meta.match.regexp meta.embedded.json.textmate.regexp entity.name.label.tm strong regex
#                                           ^ source.json.textmate meta.match.regexp meta.embedded.json.textmate.regexp keyword.control.tm
#                                            ^^^^ source.json.textmate meta.match.regexp meta.embedded.json.textmate.regexp entity.name.label.tm strong regex
#                                                ^^ source.json.textmate meta.match.regexp meta.embedded.json.textmate.regexp constant.character.escape.tm
#                                                  ^ source.json.textmate meta.match.regexp meta.embedded.json.textmate.regexp entity.name.label.tm strong regex
#                                                   ^^^^^^^^ source.json.textmate meta.match.regexp meta.embedded.json.textmate.regexp entity.name.label.tm strong regex
#                                                           ^ source.json.textmate meta.match.regexp meta.embedded.json.textmate.regexp constant.character.set.regexp.tm
#                                                            ^^^ source.json.textmate meta.match.regexp meta.embedded.json.textmate.regexp variable.tm
#                                                               ^ source.json.textmate meta.match.regexp punctuation.definition.string.end.json.tm
#                                                                ^ source.json.textmate punctuation.separator.dictionary.json.tm
>							"name": "markup.italic"
#^^^^^^^ source.json.textmate
#       ^ source.json.textmate punctuation.definition.string.begin.json.tm
#        ^^^^ source.json.textmate keyword.property-name.string.name.json.tm
#            ^ source.json.textmate punctuation.definition.string.end.json.tm
#             ^ source.json.textmate punctuation.separator.dictionary.key-value.json.tm
#              ^ source.json.textmate
#               ^ source.json.textmate markup.italic punctuation.definition.string.begin.json.tm
#                ^^^^^^^^^^^^^ source.json.textmate markup.italic
#                             ^ source.json.textmate markup.italic punctuation.definition.string.end.json.tm
>						}
#^^^^^^ source.json.textmate
#      ^ source.json.textmate punctuation.definition.dictionary.end.json.tm
>					]
#^^^^^ source.json.textmate
#     ^ source.json.textmate punctuation.definition.array.end.json.tm
>				},
#^^^^ source.json.textmate
#    ^ source.json.textmate punctuation.definition.dictionary.end.json.tm
#     ^ source.json.textmate punctuation.separator.dictionary.json.tm
>				"3": { "name": "string.quoted.name.tmgrammar" }
#^^^^ source.json.textmate
#    ^ source.json.textmate
#     ^ source.json.textmate constant.numeric.json.tm
#      ^ source.json.textmate
#       ^ source.json.textmate punctuation.separator.dictionary.key-value.json.tm
#        ^ source.json.textmate
#         ^ source.json.textmate punctuation.definition.dictionary.begin.json.tm
#          ^ source.json.textmate
#           ^ source.json.textmate punctuation.definition.string.begin.json.tm
#            ^^^^ source.json.textmate keyword.property-name.string.name.json.tm
#                ^ source.json.textmate punctuation.definition.string.end.json.tm
#                 ^ source.json.textmate punctuation.separator.dictionary.key-value.json.tm
#                  ^ source.json.textmate
#                   ^ source.json.textmate string.quoted.name.tmgrammar punctuation.definition.string.begin.json.tm
#                    ^^^^^^ source.json.textmate string.quoted.name.tmgrammar markup.italic
#                          ^^^^^^^^^^^^^^^^^^^^^^ source.json.textmate string.quoted.name.tmgrammar
#                                                ^ source.json.textmate string.quoted.name.tmgrammar punctuation.definition.string.end.json.tm
#                                                 ^ source.json.textmate
#                                                  ^ source.json.textmate punctuation.definition.dictionary.end.json.tm
>			},
#^^^ source.json.textmate
#   ^ source.json.textmate punctuation.definition.dictionary.end.json.tm
#    ^ source.json.textmate punctuation.separator.dictionary.json.tm
>			"name": "comment.line.tmgrammar"
#^^^ source.json.textmate
#   ^ source.json.textmate punctuation.definition.string.begin.json.tm
#    ^^^^ source.json.textmate keyword.property-name.string.name.json.tm
#        ^ source.json.textmate punctuation.definition.string.end.json.tm
#         ^ source.json.textmate punctuation.separator.dictionary.key-value.json.tm
#          ^ source.json.textmate
#           ^ source.json.textmate comment.line.tmgrammar punctuation.definition.string.begin.json.tm
#            ^^^^^^^ source.json.textmate comment.line.tmgrammar markup.italic
#                   ^^^^^^^^^^^^^^^ source.json.textmate comment.line.tmgrammar
#                                  ^ source.json.textmate comment.line.tmgrammar punctuation.definition.string.end.json.tm
>		},
#^^ source.json.textmate
#  ^ source.json.textmate punctuation.definition.dictionary.end.json.tm
#   ^ source.json.textmate punctuation.separator.dictionary.json.tm
>		"scope-line": {
#^^ source.json.textmate
#  ^ source.json.textmate punctuation.definition.string.begin.json.tm
#   ^^^^^^^^^^ source.json.textmate variable.json.tm regex
#             ^ source.json.textmate punctuation.definition.string.end.json.tm
#              ^ source.json.textmate punctuation.separator.dictionary.key-value.json.tm
#               ^ source.json.textmate
#                ^ source.json.textmate punctuation.definition.dictionary.begin.json.tm
>			"begin": "(?<=^[^^\\w\\s]{1,5})\\G\\s*(\\^+(?:\\s*\\^+)*|<~*-+)\\s*(?=[-\\w])",
#^^^ source.json.textmate
#   ^ source.json.textmate meta.begin.regexp punctuation.definition.string.begin.json.tm
#    ^^^^^ source.json.textmate meta.begin.regexp keyword.property-name.string.begin.json.tm
#         ^ source.json.textmate meta.begin.regexp punctuation.definition.string.end.json.tm
#          ^ source.json.textmate meta.begin.regexp punctuation.separator.dictionary.key-value.json.tm
#           ^ source.json.textmate meta.begin.regexp
#            ^ source.json.textmate meta.begin.regexp punctuation.definition.string.begin.json.tm
#             ^ source.json.textmate meta.begin.regexp meta.embedded.json.textmate.regexp constant.character.set.regexp.tm markup.italic
#              ^^^ source.json.textmate meta.begin.regexp meta.embedded.json.textmate.regexp support.function.tm regex
#                 ^ source.json.textmate meta.begin.regexp meta.embedded.json.textmate.regexp capture-group-lookbehind variable.tm
#                  ^ source.json.textmate meta.begin.regexp meta.embedded.json.textmate.regexp capture-group-lookbehind support.class.tm
#                   ^ source.json.textmate meta.begin.regexp meta.embedded.json.textmate.regexp capture-group-lookbehind support.function.tm strong
#                    ^ source.json.textmate meta.begin.regexp meta.embedded.json.textmate.regexp capture-group-lookbehind character-class literal.tm regex
#                     ^^^ source.json.textmate meta.begin.regexp meta.embedded.json.textmate.regexp capture-group-lookbehind character-class variable.other.enummember.tm
#                        ^^^ source.json.textmate meta.begin.regexp meta.embedded.json.textmate.regexp capture-group-lookbehind character-class variable.other.enummember.tm
#                           ^ source.json.textmate meta.begin.regexp meta.embedded.json.textmate.regexp capture-group-lookbehind support.class.tm
#                            ^ source.json.textmate meta.begin.regexp meta.embedded.json.textmate.regexp capture-group-lookbehind keyword.tm
#                             ^ source.json.textmate meta.begin.regexp meta.embedded.json.textmate.regexp capture-group-lookbehind constant.numeric.tm
#                              ^ source.json.textmate meta.begin.regexp meta.embedded.json.textmate.regexp capture-group-lookbehind support.function.tm
#                               ^ source.json.textmate meta.begin.regexp meta.embedded.json.textmate.regexp capture-group-lookbehind constant.numeric.tm
#                                ^ source.json.textmate meta.begin.regexp meta.embedded.json.textmate.regexp capture-group-lookbehind keyword.tm
#                                 ^ source.json.textmate meta.begin.regexp meta.embedded.json.textmate.regexp constant.character.set.regexp.tm markup.italic
#                                  ^^^ source.json.textmate meta.begin.regexp meta.embedded.json.textmate.regexp variable.tm
#                                     ^^^ source.json.textmate meta.begin.regexp meta.embedded.json.textmate.regexp variable.other.enummember.tm
#                                        ^ source.json.textmate meta.begin.regexp meta.embedded.json.textmate.regexp keyword.tm
#                                         ^ source.json.textmate meta.begin.regexp meta.embedded.json.textmate.regexp constant.character.set.regexp.tm strong
#                                          ^^ source.json.textmate meta.begin.regexp meta.embedded.json.textmate.regexp constant.character.escape.tm
#                                            ^ source.json.textmate meta.begin.regexp meta.embedded.json.textmate.regexp entity.name.label.tm strong regex
#                                             ^ source.json.textmate meta.begin.regexp meta.embedded.json.textmate.regexp keyword.tm
#                                              ^ source.json.textmate meta.begin.regexp meta.embedded.json.textmate.regexp constant.character.set.regexp.tm
#                                               ^^ source.json.textmate meta.begin.regexp meta.embedded.json.textmate.regexp support.function.tm regex
#                                                 ^^^ source.json.textmate meta.begin.regexp meta.embedded.json.textmate.regexp variable.other.enummember.tm
#                                                    ^ source.json.textmate meta.begin.regexp meta.embedded.json.textmate.regexp keyword.tm
#                                                     ^^ source.json.textmate meta.begin.regexp meta.embedded.json.textmate.regexp constant.character.escape.tm
#                                                       ^ source.json.textmate meta.begin.regexp meta.embedded.json.textmate.regexp entity.name.label.tm strong regex
#                                                        ^ source.json.textmate meta.begin.regexp meta.embedded.json.textmate.regexp keyword.tm
#                                                         ^ source.json.textmate meta.begin.regexp meta.embedded.json.textmate.regexp constant.character.set.regexp.tm
#                                                          ^ source.json.textmate meta.begin.regexp meta.embedded.json.textmate.regexp keyword.tm
#                                                           ^ source.json.textmate meta.begin.regexp meta.embedded.json.textmate.regexp keyword.control.tm
#                                                            ^^ source.json.textmate meta.begin.regexp meta.embedded.json.textmate.regexp entity.name.label.tm strong regex
#                                                              ^ source.json.textmate meta.begin.regexp meta.embedded.json.textmate.regexp keyword.tm
#                                                               ^ source.json.textmate meta.begin.regexp meta.embedded.json.textmate.regexp entity.name.label.tm strong regex
#                                                                ^ source.json.textmate meta.begin.regexp meta.embedded.json.textmate.regexp keyword.tm
#                                                                 ^ source.json.textmate meta.begin.regexp meta.embedded.json.textmate.regexp constant.character.set.regexp.tm strong
#                                                                  ^^^ source.json.textmate meta.begin.regexp meta.embedded.json.textmate.regexp variable.other.enummember.tm
#                                                                     ^ source.json.textmate meta.begin.regexp meta.embedded.json.textmate.regexp keyword.tm
#                                                                      ^ source.json.textmate meta.begin.regexp meta.embedded.json.textmate.regexp constant.character.set.regexp.tm markup.italic
#                                                                       ^^ source.json.textmate meta.begin.regexp meta.embedded.json.textmate.regexp support.function.tm
#                                                                         ^ source.json.textmate meta.begin.regexp meta.embedded.json.textmate.regexp support.class.tm
#                                                                          ^ source.json.textmate meta.begin.regexp meta.embedded.json.textmate.regexp character-class literal.tm regex
#                                                                           ^^^ source.json.textmate meta.begin.regexp meta.embedded.json.textmate.regexp character-class variable.other.enummember.tm
#                                                                              ^ source.json.textmate meta.begin.regexp meta.embedded.json.textmate.regexp support.class.tm
#                                                                               ^ source.json.textmate meta.begin.regexp meta.embedded.json.textmate.regexp constant.character.set.regexp.tm markup.italic
#                                                                                ^ source.json.textmate meta.begin.regexp punctuation.definition.string.end.json.tm
#                                                                                 ^ source.json.textmate punctuation.separator.dictionary.json.tm
>			"end": "(?!\\G)",
#^^^ source.json.textmate
#   ^ source.json.textmate meta.end.regexp punctuation.definition.string.begin.json.tm
#    ^^^ source.json.textmate meta.end.regexp keyword.property-name.string.end.json.tm
#       ^ source.json.textmate meta.end.regexp punctuation.definition.string.end.json.tm
#        ^ source.json.textmate meta.end.regexp punctuation.separator.dictionary.key-value.json.tm
#         ^ source.json.textmate meta.end.regexp
#          ^ source.json.textmate meta.end.regexp punctuation.definition.string.begin.json.tm
#           ^ source.json.textmate meta.end.regexp meta.embedded.json.textmate.regexp constant.character.set.regexp.tm markup.italic
#            ^^ source.json.textmate meta.end.regexp meta.embedded.json.textmate.regexp support.function.tm
#              ^^^ source.json.textmate meta.end.regexp meta.embedded.json.textmate.regexp variable.tm
#                 ^ source.json.textmate meta.end.regexp meta.embedded.json.textmate.regexp constant.character.set.regexp.tm markup.italic
#                  ^ source.json.textmate meta.end.regexp punctuation.definition.string.end.json.tm
#                   ^ source.json.textmate punctuation.separator.dictionary.json.tm
>			"beginCaptures": { "1": { "name": "keyword.control.marker.tmgrammar" } },
#^^^ source.json.textmate
#   ^ source.json.textmate punctuation.definition.string.begin.json.tm
#    ^^^^^^^^^^^^^ source.json.textmate keyword.property-name.string.beginCaptures.json.tm
#                 ^ source.json.textmate punctuation.definition.string.end.json.tm
#                  ^ source.json.textmate punctuation.separator.dictionary.key-value.json.tm
#                   ^ source.json.textmate
#                    ^ source.json.textmate punctuation.definition.dictionary.begin.json.tm
#                     ^ source.json.textmate
#                      ^ source.json.textmate
#                       ^ source.json.textmate constant.numeric.json.tm
#                        ^ source.json.textmate
#                         ^ source.json.textmate punctuation.separator.dictionary.key-value.json.tm
#                          ^ source.json.textmate
#                           ^ source.json.textmate punctuation.definition.dictionary.begin.json.tm
#                            ^ source.json.textmate
#                             ^ source.json.textmate punctuation.definition.string.begin.json.tm
#                              ^^^^ source.json.textmate keyword.property-name.string.name.json.tm
#                                  ^ source.json.textmate punctuation.definition.string.end.json.tm
#                                   ^ source.json.textmate punctuation.separator.dictionary.key-value.json.tm
#                                    ^ source.json.textmate
#                                     ^ source.json.textmate keyword.control.marker.tmgrammar punctuation.definition.string.begin.json.tm
#                                      ^^^^^^^^^^^^^^^^^^^^^^^^^^^^^^^^ source.json.textmate keyword.control.marker.tmgrammar
#                                                                      ^ source.json.textmate keyword.control.marker.tmgrammar punctuation.definition.string.end.json.tm
#                                                                       ^ source.json.textmate
#                                                                        ^ source.json.textmate punctuation.definition.dictionary.end.json.tm
#                                                                         ^ source.json.textmate
#                                                                          ^ source.json.textmate punctuation.definition.dictionary.end.json.tm
#                                                                           ^ source.json.textmate punctuation.separator.dictionary.json.tm
>			"name": "meta.embedded.tmgrammar",
#^^^ source.json.textmate
#   ^ source.json.textmate punctuation.definition.string.begin.json.tm
#    ^^^^ source.json.textmate keyword.property-name.string.name.json.tm
#        ^ source.json.textmate punctuation.definition.string.end.json.tm
#         ^ source.json.textmate punctuation.separator.dictionary.key-value.json.tm
#          ^ source.json.textmate
#           ^ source.json.textmate meta.embedded.tmgrammar punctuation.definition.string.begin.json.tm
#            ^^^^^^^^^^^^^ source.json.textmate meta.embedded.tmgrammar markup.italic
#                         ^^^^^^^^^^ source.json.textmate meta.embedded.tmgrammar
#                                   ^ source.json.textmate meta.embedded.tmgrammar punctuation.definition.string.end.json.tm
#                                    ^ source.json.textmate punctuation.separator.dictionary.json.tm
>			"applyEndPatternLast": 1,
#^^^ source.json.textmate
#   ^ source.json.textmate punctuation.definition.string.begin.json.tm
#    ^^^^^^^^^^^^^^^^^^^ source.json.textmate keyword.property-name.string.applyEndPatternLast.json.tm
#                       ^ source.json.textmate punctuation.definition.string.end.json.tm
#                        ^ source.json.textmate punctuation.separator.dictionary.key-value.json.tm
#                         ^ source.json.textmate
#                          ^ source.json.textmate constant.numeric.json.tm
#                           ^ source.json.textmate punctuation.separator.dictionary.json.tm
>			"patterns": [
#^^^ source.json.textmate
#   ^ source.json.textmate punctuation.definition.string.begin.json.tm
#    ^^^^^^^^ source.json.textmate keyword.property-name.string.patterns.json.tm
#            ^ source.json.textmate punctuation.definition.string.end.json.tm
#             ^ source.json.textmate punctuation.separator.dictionary.key-value.json.tm
#              ^ source.json.textmate
#               ^ source.json.textmate punctuation.definition.array.begin.json.tm
>				{ "match": "[\\t ]+" },
#^^^^ source.json.textmate
#    ^ source.json.textmate punctuation.definition.dictionary.begin.json.tm
#     ^ source.json.textmate
#      ^ source.json.textmate meta.match.regexp punctuation.definition.string.begin.json.tm
#       ^^^^^ source.json.textmate meta.match.regexp keyword.property-name.string.match.json.tm
#            ^ source.json.textmate meta.match.regexp punctuation.definition.string.end.json.tm
#             ^ source.json.textmate meta.match.regexp punctuation.separator.dictionary.key-value.json.tm
#              ^ source.json.textmate meta.match.regexp
#               ^ source.json.textmate meta.match.regexp punctuation.definition.string.begin.json.tm
#                ^ source.json.textmate meta.match.regexp meta.embedded.json.textmate.regexp support.class.tm
#                 ^^^ source.json.textmate meta.match.regexp meta.embedded.json.textmate.regexp character-class punctuation.definition.list.begin.markdown
#                    ^ source.json.textmate meta.match.regexp meta.embedded.json.textmate.regexp character-class literal.tm regex
#                     ^ source.json.textmate meta.match.regexp meta.embedded.json.textmate.regexp support.class.tm
#                      ^ source.json.textmate meta.match.regexp meta.embedded.json.textmate.regexp keyword.tm
#                       ^ source.json.textmate meta.match.regexp punctuation.definition.string.end.json.tm
#                        ^ source.json.textmate
#                         ^ source.json.textmate punctuation.definition.dictionary.end.json.tm
#                          ^ source.json.textmate punctuation.separator.array.json.tm
>				{ "include": "source.textmate.tmgrammar#scopes" }
#^^^^ source.json.textmate
#    ^ source.json.textmate punctuation.definition.dictionary.begin.json.tm
#     ^ source.json.textmate
#      ^ source.json.textmate punctuation.definition.string.begin.json.tm
#       ^^^^^^^ source.json.textmate keyword.property-name.string.include.json.tm
#              ^ source.json.textmate punctuation.definition.string.end.json.tm
#               ^ source.json.textmate punctuation.separator.dictionary.key-value.json.tm
#                ^ source.json.textmate
#                 ^ source.json.textmate punctuation.definition.string.begin.json.tm
#                  ^^^^^^^ source.json.textmate regex support.function.json.tm
#                         ^^^^^^^^ source.json.textmate regex string
#                                 ^ source.json.textmate regex support.function.json.tm
#                                  ^^^^^^^^^ source.json.textmate regex string
#                                           ^ source.json.textmate regex keyword.json.tm
#                                            ^^^^^^ source.json.textmate regex variable.json.tm
#                                                  ^ source.json.textmate punctuation.definition.string.end.json.tm
#                                                   ^ source.json.textmate
#                                                    ^ source.json.textmate punctuation.definition.dictionary.end.json.tm
>			]
#^^^ source.json.textmate
#   ^ source.json.textmate punctuation.definition.array.end.json.tm
>		}
#^^ source.json.textmate
#  ^ source.json.textmate punctuation.definition.dictionary.end.json.tm
>	}
#^ source.json.textmate
# ^ source.json.textmate punctuation.definition.dictionary.end.json.tm
>}
#^ source.json.textmate punctuation.definition.dictionary.end.json.tm
>